MPLINK 4.48, Linker
Linker Map File - Created Sat Oct 31 20:20:42 2015

                                 Section Info
                  Section       Type    Address   Location Size(Bytes)
                ---------  ---------  ---------  ---------  ---------
               _entry_scn       code   0x000000    program   0x000006
           .code___init.o       code   0x000006    program   0x000002
               highVector       code   0x000008    program   0x000006
          .code_adcbusy.o       code   0x00000e    program   0x00000a
                lowVector       code   0x000018    program   0x000006
                   .cinit    romdata   0x00001e    program   0x00000e
          .code_UCOS_II.o       code   0x00002c    program   0x003512
             .code_TEST.o       code   0x00353e    program   0x00054c
         .code_OS_CPU_C.o       code   0x003a8a    program   0x0004a4
       .romdata_UCOS_II.o    romdata   0x003f2e    program   0x000108
               _cinit_scn       code   0x004036    program   0x00009e
            .code_uopen.o       code   0x0040d4    program   0x00008a
          .code_fxm3232.o       code   0x00415e    program   0x000070
          .code_adcopen.o       code   0x0041ce    program   0x00006e
         .code_fxd3232u.o       code   0x00423c    program   0x000048
           .code_t0open.o       code   0x004284    program   0x000038
         .code_adcsetch.o       code   0x0042bc    program   0x00002e
                    .code       code   0x0042ea    program   0x000020
              .code_adc.o       code   0x00430a    program   0x00001e
             _startup_scn       code   0x004328    program   0x00001c
              D10TCYXCODE       code   0x004344    program   0x000016
          .code_VECTORS.o       code   0x00435a    program   0x000014
          .code_adcread.o       code   0x00436e    program   0x000012
          .code_adcconv.o       code   0x004380    program   0x000004
        .romdata___init.o    romdata   0x004384    program   0x000000
       .idata_adcopen.o_i    romdata   0x004384    program   0x000000
       .romdata_adcopen.o    romdata   0x004384    program   0x000000
        .idata_t0open.o_i    romdata   0x004384    program   0x000000
        .romdata_t0open.o    romdata   0x004384    program   0x000000
         .idata_uopen.o_i    romdata   0x004384    program   0x000000
         .romdata_uopen.o    romdata   0x004384    program   0x000000
        .idata___init.o_i    romdata   0x004384    program   0x000000
       .idata_adcread.o_i    romdata   0x004384    program   0x000000
       .romdata_adcread.o    romdata   0x004384    program   0x000000
      .romdata_adcsetch.o    romdata   0x004384    program   0x000000
      .idata_adcsetch.o_i    romdata   0x004384    program   0x000000
         .idata_c018i.o_i    romdata   0x004384    program   0x000000
         .romdata_c018i.o    romdata   0x004384    program   0x000000
      .romdata_OS_CPU_C.o    romdata   0x004384    program   0x000000
       .idata_VECTORS.o_i    romdata   0x004384    program   0x000000
       .romdata_VECTORS.o    romdata   0x004384    program   0x000000
       .idata_UCOS_II.o_i    romdata   0x004384    program   0x000000
          .idata_TEST.o_i    romdata   0x004384    program   0x000003
          .romdata_TEST.o    romdata   0x004384    program   0x000000
           .idata_adc.o_i    romdata   0x004384    program   0x000000
           .romdata_adc.o    romdata   0x004384    program   0x000000
       .idata_adcbusy.o_i    romdata   0x004384    program   0x000000
       .romdata_adcbusy.o    romdata   0x004384    program   0x000000
       .idata_adcconv.o_i    romdata   0x004384    program   0x000000
       .romdata_adcconv.o    romdata   0x004384    program   0x000000
      .idata_fxd3232u.o_i    romdata   0x004384    program   0x000000
      .romdata_fxd3232u.o    romdata   0x004384    program   0x000000
       .idata_fxm3232.o_i    romdata   0x004384    program   0x000000
       .romdata_fxm3232.o    romdata   0x004384    program   0x000000
      .idata_OS_CPU_C.o_i    romdata   0x004387    program   0x000000
            .code_c018i.o       code   0x004388    program   0x000000
                 .tmpdata      udata   0x000000       data   0x000014
                MATH_DATA      udata   0x000014       data   0x000010
                   .stack      udata   0x000060       data   0x000100
            .udata_TEST.o      udata   0x000160       data   0x000364
         .udata_UCOS_II.o      udata   0x0004c4       data   0x00017e
           .udata_c018i.o      udata   0x000642       data   0x00000a
            .idata_TEST.o      idata   0x00064c       data   0x000003
         .udata_fxm3232.o      udata   0x00064f       data   0x000000
         .idata_fxm3232.o      idata   0x00064f       data   0x000000
         .udata_adcopen.o      udata   0x00064f       data   0x000000
         .idata_adcopen.o      idata   0x00064f       data   0x000000
          .udata_t0open.o      udata   0x00064f       data   0x000000
          .idata_t0open.o      idata   0x00064f       data   0x000000
           .udata_uopen.o      udata   0x00064f       data   0x000000
           .idata_uopen.o      idata   0x00064f       data   0x000000
         .udata_adcread.o      udata   0x00064f       data   0x000000
         .idata_adcread.o      idata   0x00064f       data   0x000000
        .udata_adcsetch.o      udata   0x00064f       data   0x000000
        .idata_adcsetch.o      idata   0x00064f       data   0x000000
          .udata___init.o      udata   0x00064f       data   0x000000
          .idata___init.o      idata   0x00064f       data   0x000000
        .idata_fxd3232u.o      idata   0x00064f       data   0x000000
        .udata_fxd3232u.o      udata   0x00064f       data   0x000000
         .idata_adcconv.o      idata   0x00064f       data   0x000000
         .udata_adcconv.o      udata   0x00064f       data   0x000000
         .idata_adcbusy.o      idata   0x00064f       data   0x000000
         .udata_adcbusy.o      udata   0x00064f       data   0x000000
             .idata_adc.o      idata   0x00064f       data   0x000000
             .udata_adc.o      udata   0x00064f       data   0x000000
         .idata_UCOS_II.o      idata   0x00064f       data   0x000000
         .idata_VECTORS.o      idata   0x00064f       data   0x000000
         .udata_VECTORS.o      udata   0x00064f       data   0x000000
        .idata_OS_CPU_C.o      idata   0x00064f       data   0x000000
        .udata_OS_CPU_C.o      udata   0x00064f       data   0x000000
           .idata_c018i.o      idata   0x00064f       data   0x000000
            SFR_UNBANKED0      udata   0x000f62       data   0x00009e



                              Program Memory Usage 
                               Start         End      
                           ---------   ---------      
                            0x000000    0x004386      
            17287 out of 33048 program addresses used, program memory utilization is 52%



                              Symbols - Sorted by Name
                     Name    Address   Location    Storage File                     
                ---------  ---------  ---------  --------- ---------                
              ADC_Convert   0x00431c    program     extern C:\SOFTWARE_PIC\uCOS-II\PIC18\Practico_4\adc\adc.c
                 ADC_Init   0x004318    program     extern C:\SOFTWARE_PIC\uCOS-II\PIC18\Practico_4\adc\adc.c
                  BusyADC   0x00000e    program     extern E:\c18v3.46\pic18-lt\cxx-framework\src\pmc_common\ADC\adcbusy.c
             CPUInterrupt   0x003df2    program     extern C:\SOFTWARE_PIC\uCOS-II\PIC18\Practico_4\OS_CPU_C.C
         CPUInterruptHook   0x00435a    program     extern C:\SOFTWARE_PIC\uCOS-II\PIC18\Practico_4\VECTORS.C
            CPUhighVector   0x000008    program     extern C:\SOFTWARE_PIC\uCOS-II\PIC18\Practico_4\OS_CPU_C.C
             CPUlowVector   0x000018    program     extern C:\SOFTWARE_PIC\uCOS-II\PIC18\Practico_4\OS_CPU_C.C
               ConvertADC   0x004380    program     extern E:\c18v3.46\pic18-lt\cxx-framework\src\pmc_common\ADC\adcconv.c
                    D10_1   0x004354    program     static E:\c18v3.46\pic18-lt\cxx-framework\src\traditional\delays\d10tcyx.asm
                     D10x   0x00434c    program     static E:\c18v3.46\pic18-lt\cxx-framework\src\traditional\delays\d10tcyx.asm
              Delay10TCYx   0x004344    program     extern E:\c18v3.46\pic18-lt\cxx-framework\src\traditional\delays\d10tcyx.asm
                 FXD3232U   0x00423c    program     extern E:\c18v3.46\pic18-lt\cxx-framework\src\traditional\math\fxd3232u.c
                  FXM3232   0x00415e    program     extern E:\c18v3.46\pic18-lt\cxx-framework\src\traditional\math\fxm3232.c
                  OSCtxSw   0x003d22    program     extern C:\SOFTWARE_PIC\uCOS-II\PIC18\Practico_4\OS_CPU_C.C
                   OSInit   0x00002c    program     extern C:\SOFTWARE_PIC\uCOS-II\PIC18\Practico_4\os_core.c
          OSInitHookBegin   0x003caa    program     extern C:\SOFTWARE_PIC\uCOS-II\PIC18\Practico_4\OS_CPU_C.C
            OSInitHookEnd   0x003cac    program     extern C:\SOFTWARE_PIC\uCOS-II\PIC18\Practico_4\OS_CPU_C.C
               OSIntCtxSw   0x003eb4    program     extern C:\SOFTWARE_PIC\uCOS-II\PIC18\Practico_4\OS_CPU_C.C
               OSIntEnter   0x00004e    program     extern C:\SOFTWARE_PIC\uCOS-II\PIC18\Practico_4\os_core.c
                OSIntExit   0x000072    program     extern C:\SOFTWARE_PIC\uCOS-II\PIC18\Practico_4\os_core.c
                 OSMapTbl   0x003f2e    program     extern C:\SOFTWARE_PIC\uCOS-II\PIC18\Practico_4\os_core.c
                OSQAccept   0x0010bc    program     extern C:\software_pic\ucos-ii\source\os_q.c
                OSQCreate   0x001258    program     extern C:\software_pic\ucos-ii\source\os_q.c
                   OSQDel   0x0014aa    program     extern C:\software_pic\ucos-ii\source\os_q.c
                 OSQFlush   0x001768    program     extern C:\software_pic\ucos-ii\source\os_q.c
                  OSQPend   0x001876    program     extern C:\software_pic\ucos-ii\source\os_q.c
                  OSQPost   0x001b68    program     extern C:\software_pic\ucos-ii\source\os_q.c
             OSQPostFront   0x001d72    program     extern C:\software_pic\ucos-ii\source\os_q.c
               OSQPostOpt   0x001f88    program     extern C:\software_pic\ucos-ii\source\os_q.c
                 OSQQuery   0x0022a6    program     extern C:\software_pic\ucos-ii\source\os_q.c
              OSSemAccept   0x0025d8    program     extern C:\software_pic\ucos-ii\source\os_sem.c
              OSSemCreate   0x0026aa    program     extern C:\software_pic\ucos-ii\source\os_sem.c
                 OSSemDel   0x00278a    program     extern C:\software_pic\ucos-ii\source\os_sem.c
                OSSemPend   0x0029cc    program     extern C:\software_pic\ucos-ii\source\os_sem.c
                OSSemPost   0x002b62    program     extern C:\software_pic\ucos-ii\source\os_sem.c
               OSSemQuery   0x002c66    program     extern C:\software_pic\ucos-ii\source\os_sem.c
                  OSStart   0x00017e    program     extern C:\SOFTWARE_PIC\uCOS-II\PIC18\Practico_4\os_core.c
           OSStartHighRdy   0x003cae    program     extern C:\SOFTWARE_PIC\uCOS-II\PIC18\Practico_4\OS_CPU_C.C
            OSTCBInitHook   0x003c8c    program     extern C:\SOFTWARE_PIC\uCOS-II\PIC18\Practico_4\OS_CPU_C.C
             OSTaskCreate   0x002de6    program     extern C:\software_pic\ucos-ii\source\os_task.c
         OSTaskCreateHook   0x003c4e    program     extern C:\SOFTWARE_PIC\uCOS-II\PIC18\Practico_4\OS_CPU_C.C
            OSTaskDelHook   0x003c6a    program     extern C:\SOFTWARE_PIC\uCOS-II\PIC18\Practico_4\OS_CPU_C.C
           OSTaskIdleHook   0x003ca8    program     extern C:\SOFTWARE_PIC\uCOS-II\PIC18\Practico_4\OS_CPU_C.C
           OSTaskStatHook   0x003c88    program     extern C:\SOFTWARE_PIC\uCOS-II\PIC18\Practico_4\OS_CPU_C.C
            OSTaskStkInit   0x003a8a    program     extern C:\SOFTWARE_PIC\uCOS-II\PIC18\Practico_4\OS_CPU_C.C
             OSTaskSwHook   0x003c86    program     extern C:\SOFTWARE_PIC\uCOS-II\PIC18\Practico_4\OS_CPU_C.C
                OSTimeDly   0x002f8e    program     extern C:\software_pic\ucos-ii\source\os_time.c
            OSTimeDlyHMSM   0x003038    program     extern C:\software_pic\ucos-ii\source\os_time.c
          OSTimeDlyResume   0x003314    program     extern C:\software_pic\ucos-ii\source\os_time.c
                OSTimeGet   0x00346e    program     extern C:\software_pic\ucos-ii\source\os_time.c
                OSTimeSet   0x0034f4    program     extern C:\software_pic\ucos-ii\source\os_time.c
               OSTimeTick   0x000260    program     extern C:\SOFTWARE_PIC\uCOS-II\PIC18\Practico_4\os_core.c
           OSTimeTickHook   0x003c8a    program     extern C:\SOFTWARE_PIC\uCOS-II\PIC18\Practico_4\OS_CPU_C.C
               OSUnMapTbl   0x003f36    program     extern C:\SOFTWARE_PIC\uCOS-II\PIC18\Practico_4\os_core.c
                OSVersion   0x0003f2    program     extern C:\SOFTWARE_PIC\uCOS-II\PIC18\Practico_4\os_core.c
               OS_EventTO   0x00073c    program     extern C:\SOFTWARE_PIC\uCOS-II\PIC18\Practico_4\os_core.c
          OS_EventTaskRdy   0x0003fc    program     extern C:\SOFTWARE_PIC\uCOS-II\PIC18\Practico_4\os_core.c
         OS_EventTaskWait   0x00065e    program     extern C:\SOFTWARE_PIC\uCOS-II\PIC18\Practico_4\os_core.c
     OS_EventWaitListInit   0x0007e8    program     extern C:\SOFTWARE_PIC\uCOS-II\PIC18\Practico_4\os_core.c
         OS_InitEventList   0x000864    program     static C:\SOFTWARE_PIC\uCOS-II\PIC18\Practico_4\os_core.c
              OS_InitMisc   0x00097a    program     static C:\SOFTWARE_PIC\uCOS-II\PIC18\Practico_4\os_core.c
           OS_InitRdyList   0x0009aa    program     static C:\SOFTWARE_PIC\uCOS-II\PIC18\Practico_4\os_core.c
           OS_InitTCBList   0x000a84    program     static C:\SOFTWARE_PIC\uCOS-II\PIC18\Practico_4\os_core.c
          OS_InitTaskIdle   0x000a50    program     static C:\SOFTWARE_PIC\uCOS-II\PIC18\Practico_4\os_core.c
                 OS_QInit   0x0024ea    program     extern C:\software_pic\ucos-ii\source\os_q.c
                 OS_Sched   0x000bb8    program     extern C:\SOFTWARE_PIC\uCOS-II\PIC18\Practico_4\os_core.c
               OS_TCBInit   0x000d14    program     extern C:\SOFTWARE_PIC\uCOS-II\PIC18\Practico_4\os_core.c
              OS_TaskIdle   0x000cb8    program     extern C:\SOFTWARE_PIC\uCOS-II\PIC18\Practico_4\os_core.c
                  OpenADC   0x0041ce    program     extern E:\c18v3.46\pic18-lt\cxx-framework\src\pmc_common\ADC\adcopen.c
               OpenTimer0   0x004284    program     extern E:\c18v3.46\pic18-lt\cxx-framework\src\pmc_common\Timers\t0open.c
                OpenUSART   0x0040d4    program     extern E:\c18v3.46\pic18-lt\cxx-framework\src\pmc_common\USART\uopen.c
                  ReadADC   0x00436e    program     extern E:\c18v3.46\pic18-lt\cxx-framework\src\pmc_common\ADC\adcread.c
               SetChanADC   0x0042bc    program     extern E:\c18v3.46\pic18-lt\cxx-framework\src\pmc_common\ADC\adcsetch.c
                    Task1   0x00353e    program     extern C:\SOFTWARE_PIC\uCOS-II\PIC18\Practico_4\TEST.c
                    Task2   0x003718    program     extern C:\SOFTWARE_PIC\uCOS-II\PIC18\Practico_4\TEST.c
                    Task3   0x0037d0    program     extern C:\SOFTWARE_PIC\uCOS-II\PIC18\Practico_4\TEST.c
               Task_START   0x003894    program     extern C:\SOFTWARE_PIC\uCOS-II\PIC18\Practico_4\TEST.c
              Timer0_Init   0x00430a    program     extern C:\SOFTWARE_PIC\uCOS-II\PIC18\Practico_4\adc\adc.c
        _D10TCYXCODE_000A   0x00434e    program     static E:\c18v3.46\pic18-lt\cxx-framework\src\traditional\delays\d10tcyx.asm
        _D10TCYXCODE_000C   0x004350    program     static E:\c18v3.46\pic18-lt\cxx-framework\src\traditional\delays\d10tcyx.asm
        _D10TCYXCODE_000E   0x004352    program     static E:\c18v3.46\pic18-lt\cxx-framework\src\traditional\delays\d10tcyx.asm
           ___do_lbl00014   0x003cea    program     static                          
           ___do_lbl00015   0x003cee    program     static                          
           ___do_lbl00016   0x003cdc    program     static                          
           ___do_lbl00021   0x003dba    program     static                          
           ___do_lbl00022   0x003dbe    program     static                          
           ___do_lbl00023   0x003dac    program     static                          
           ___do_lbl00031   0x003e7c    program     static                          
           ___do_lbl00032   0x003e80    program     static                          
           ___do_lbl00033   0x003e6e    program     static                          
           ___do_lbl00038   0x003ef6    program     static                          
           ___do_lbl00039   0x003efa    program     static                          
           ___do_lbl00040   0x003ee8    program     static                          
           ___if_lbl00013   0x003cd6    program     static                          
           ___if_lbl00020   0x003d78    program     static                          
           ___if_lbl00029   0x003e46    program     static                          
           ___if_lbl00030   0x003e60    program     static                          
           ___if_lbl00037   0x003ee2    program     static                          
       ___return_lbl00000   0x000004    program     static                          
       ___return_lbl00000   0x0041cc    program     static                          
       ___return_lbl00000   0x004282    program     static                          
       ___return_lbl00001   0x004342    program     static                          
       ___return_lbl00002   0x0040d2    program     static                          
       ___return_lbl00010   0x003d20    program     static                          
       ___return_lbl00017   0x003df0    program     static                          
       ___return_lbl00024   0x00000c    program     static                          
       ___return_lbl00025   0x00001c    program     static                          
       ___return_lbl00026   0x003eb2    program     static                          
       ___return_lbl00034   0x003f2c    program     static                          
        ___while_lbl00011   0x003cc6    program     static                          
        ___while_lbl00012   0x003cd0    program     static                          
        ___while_lbl00018   0x003d56    program     static                          
        ___while_lbl00019   0x003d6e    program     static                          
        ___while_lbl00027   0x003e24    program     static                          
        ___while_lbl00028   0x003e3c    program     static                          
        ___while_lbl00035   0x003ed2    program     static                          
        ___while_lbl00036   0x003edc    program     static                          
                   __init   0x000006    program     extern E:\c18v3.46\pic18-lt\cxx-framework\src\traditional\stdclib\__init.c
            __zero_memory   0x0042ea    program     extern E:\c18v3.46\pic18-lt\cxx-framework\src\traditional\proc\p18f4550.asm
                _do_cinit   0x004036    program     extern E:\c18v3.46\pic18-lt\cxx-framework\src\traditional\startup\c018i.c
                   _entry   0x000000    program     extern E:\c18v3.46\pic18-lt\cxx-framework\src\traditional\startup\c018i.c
                   _false   0x00427e    program     static                          
                 _startup   0x004328    program     extern E:\c18v3.46\pic18-lt\cxx-framework\src\traditional\startup\c018i.c
                compare_l   0x004300    program     static E:\c18v3.46\pic18-lt\cxx-framework\src\traditional\proc\p18f4550.asm
                copy_loop   0x0040a8    program     static                          
            copy_one_byte   0x0040ae    program     static                          
                     done   0x0040d2    program     static                          
             done_copying   0x0040bc    program     static                          
                     loop   0x00424a    program     static                          
                     loop   0x004338    program     static                          
                   loop_h   0x0042f8    program     static E:\c18v3.46\pic18-lt\cxx-framework\src\traditional\proc\p18f4550.asm
                   loop_l   0x004302    program     static E:\c18v3.46\pic18-lt\cxx-framework\src\traditional\proc\p18f4550.asm
                     main   0x003a10    program     extern C:\SOFTWARE_PIC\uCOS-II\PIC18\Practico_4\TEST.c
                     test   0x004050    program     static                          
               zero_block   0x0042f8    program     static E:\c18v3.46\pic18-lt\cxx-framework\src\traditional\proc\p18f4550.asm
                   ADCON0   0x000fc2       data     extern E:\c18v3.46\pic18-lt\cxx-framework\src\traditional\proc\p18f4550.asm
               ADCON0bits   0x000fc2       data     extern E:\c18v3.46\pic18-lt\cxx-framework\src\traditional\proc\p18f4550.asm
                   ADCON1   0x000fc1       data     extern E:\c18v3.46\pic18-lt\cxx-framework\src\traditional\proc\p18f4550.asm
               ADCON1bits   0x000fc1       data     extern E:\c18v3.46\pic18-lt\cxx-framework\src\traditional\proc\p18f4550.asm
                   ADCON2   0x000fc0       data     extern E:\c18v3.46\pic18-lt\cxx-framework\src\traditional\proc\p18f4550.asm
               ADCON2bits   0x000fc0       data     extern E:\c18v3.46\pic18-lt\cxx-framework\src\traditional\proc\p18f4550.asm
                    ADRES   0x000fc3       data     extern E:\c18v3.46\pic18-lt\cxx-framework\src\traditional\proc\p18f4550.asm
                   ADRESH   0x000fc4       data     extern E:\c18v3.46\pic18-lt\cxx-framework\src\traditional\proc\p18f4550.asm
                   ADRESL   0x000fc3       data     extern E:\c18v3.46\pic18-lt\cxx-framework\src\traditional\proc\p18f4550.asm
                  BAUDCON   0x000fb8       data     extern E:\c18v3.46\pic18-lt\cxx-framework\src\traditional\proc\p18f4550.asm
              BAUDCONbits   0x000fb8       data     extern E:\c18v3.46\pic18-lt\cxx-framework\src\traditional\proc\p18f4550.asm
                  BAUDCTL   0x000fb8       data     extern E:\c18v3.46\pic18-lt\cxx-framework\src\traditional\proc\p18f4550.asm
              BAUDCTLbits   0x000fb8       data     extern E:\c18v3.46\pic18-lt\cxx-framework\src\traditional\proc\p18f4550.asm
                      BSR   0x000fe0       data     extern E:\c18v3.46\pic18-lt\cxx-framework\src\traditional\proc\p18f4550.asm
                   CCP1AS   0x000fb6       data     extern E:\c18v3.46\pic18-lt\cxx-framework\src\traditional\proc\p18f4550.asm
               CCP1ASbits   0x000fb6       data     extern E:\c18v3.46\pic18-lt\cxx-framework\src\traditional\proc\p18f4550.asm
                  CCP1CON   0x000fbd       data     extern E:\c18v3.46\pic18-lt\cxx-framework\src\traditional\proc\p18f4550.asm
              CCP1CONbits   0x000fbd       data     extern E:\c18v3.46\pic18-lt\cxx-framework\src\traditional\proc\p18f4550.asm
                  CCP1DEL   0x000fb7       data     extern E:\c18v3.46\pic18-lt\cxx-framework\src\traditional\proc\p18f4550.asm
              CCP1DELbits   0x000fb7       data     extern E:\c18v3.46\pic18-lt\cxx-framework\src\traditional\proc\p18f4550.asm
                  CCP2CON   0x000fba       data     extern E:\c18v3.46\pic18-lt\cxx-framework\src\traditional\proc\p18f4550.asm
              CCP2CONbits   0x000fba       data     extern E:\c18v3.46\pic18-lt\cxx-framework\src\traditional\proc\p18f4550.asm
                    CCPR1   0x000fbe       data     extern E:\c18v3.46\pic18-lt\cxx-framework\src\traditional\proc\p18f4550.asm
                   CCPR1H   0x000fbf       data     extern E:\c18v3.46\pic18-lt\cxx-framework\src\traditional\proc\p18f4550.asm
                   CCPR1L   0x000fbe       data     extern E:\c18v3.46\pic18-lt\cxx-framework\src\traditional\proc\p18f4550.asm
                    CCPR2   0x000fbb       data     extern E:\c18v3.46\pic18-lt\cxx-framework\src\traditional\proc\p18f4550.asm
                   CCPR2H   0x000fbc       data     extern E:\c18v3.46\pic18-lt\cxx-framework\src\traditional\proc\p18f4550.asm
                   CCPR2L   0x000fbb       data     extern E:\c18v3.46\pic18-lt\cxx-framework\src\traditional\proc\p18f4550.asm
                    CMCON   0x000fb4       data     extern E:\c18v3.46\pic18-lt\cxx-framework\src\traditional\proc\p18f4550.asm
                CMCONbits   0x000fb4       data     extern E:\c18v3.46\pic18-lt\cxx-framework\src\traditional\proc\p18f4550.asm
                       CR   0x00064c       data     extern C:\SOFTWARE_PIC\uCOS-II\PIC18\Practico_4\TEST.c
                   CVRCON   0x000fb5       data     extern E:\c18v3.46\pic18-lt\cxx-framework\src\traditional\proc\p18f4550.asm
               CVRCONbits   0x000fb5       data     extern E:\c18v3.46\pic18-lt\cxx-framework\src\traditional\proc\p18f4550.asm
                     DDRA   0x000f92       data     extern E:\c18v3.46\pic18-lt\cxx-framework\src\traditional\proc\p18f4550.asm
                 DDRAbits   0x000f92       data     extern E:\c18v3.46\pic18-lt\cxx-framework\src\traditional\proc\p18f4550.asm
                     DDRB   0x000f93       data     extern E:\c18v3.46\pic18-lt\cxx-framework\src\traditional\proc\p18f4550.asm
                 DDRBbits   0x000f93       data     extern E:\c18v3.46\pic18-lt\cxx-framework\src\traditional\proc\p18f4550.asm
                     DDRC   0x000f94       data     extern E:\c18v3.46\pic18-lt\cxx-framework\src\traditional\proc\p18f4550.asm
                 DDRCbits   0x000f94       data     extern E:\c18v3.46\pic18-lt\cxx-framework\src\traditional\proc\p18f4550.asm
                     DDRD   0x000f95       data     extern E:\c18v3.46\pic18-lt\cxx-framework\src\traditional\proc\p18f4550.asm
                 DDRDbits   0x000f95       data     extern E:\c18v3.46\pic18-lt\cxx-framework\src\traditional\proc\p18f4550.asm
                     DDRE   0x000f96       data     extern E:\c18v3.46\pic18-lt\cxx-framework\src\traditional\proc\p18f4550.asm
                 DDREbits   0x000f96       data     extern E:\c18v3.46\pic18-lt\cxx-framework\src\traditional\proc\p18f4550.asm
                  ECCP1AS   0x000fb6       data     extern E:\c18v3.46\pic18-lt\cxx-framework\src\traditional\proc\p18f4550.asm
              ECCP1ASbits   0x000fb6       data     extern E:\c18v3.46\pic18-lt\cxx-framework\src\traditional\proc\p18f4550.asm
                 ECCP1CON   0x000fbd       data     extern E:\c18v3.46\pic18-lt\cxx-framework\src\traditional\proc\p18f4550.asm
             ECCP1CONbits   0x000fbd       data     extern E:\c18v3.46\pic18-lt\cxx-framework\src\traditional\proc\p18f4550.asm
                 ECCP1DEL   0x000fb7       data     extern E:\c18v3.46\pic18-lt\cxx-framework\src\traditional\proc\p18f4550.asm
             ECCP1DELbits   0x000fb7       data     extern E:\c18v3.46\pic18-lt\cxx-framework\src\traditional\proc\p18f4550.asm
                    EEADR   0x000fa9       data     extern E:\c18v3.46\pic18-lt\cxx-framework\src\traditional\proc\p18f4550.asm
                   EECON1   0x000fa6       data     extern E:\c18v3.46\pic18-lt\cxx-framework\src\traditional\proc\p18f4550.asm
               EECON1bits   0x000fa6       data     extern E:\c18v3.46\pic18-lt\cxx-framework\src\traditional\proc\p18f4550.asm
                   EECON2   0x000fa7       data     extern E:\c18v3.46\pic18-lt\cxx-framework\src\traditional\proc\p18f4550.asm
                   EEDATA   0x000fa8       data     extern E:\c18v3.46\pic18-lt\cxx-framework\src\traditional\proc\p18f4550.asm
                     FSR0   0x000fe9       data     extern E:\c18v3.46\pic18-lt\cxx-framework\src\traditional\proc\p18f4550.asm
                    FSR0H   0x000fea       data     extern E:\c18v3.46\pic18-lt\cxx-framework\src\traditional\proc\p18f4550.asm
                    FSR0L   0x000fe9       data     extern E:\c18v3.46\pic18-lt\cxx-framework\src\traditional\proc\p18f4550.asm
                     FSR1   0x000fe1       data     extern E:\c18v3.46\pic18-lt\cxx-framework\src\traditional\proc\p18f4550.asm
                    FSR1H   0x000fe2       data     extern E:\c18v3.46\pic18-lt\cxx-framework\src\traditional\proc\p18f4550.asm
                    FSR1L   0x000fe1       data     extern E:\c18v3.46\pic18-lt\cxx-framework\src\traditional\proc\p18f4550.asm
                     FSR2   0x000fd9       data     extern E:\c18v3.46\pic18-lt\cxx-framework\src\traditional\proc\p18f4550.asm
                    FSR2H   0x000fda       data     extern E:\c18v3.46\pic18-lt\cxx-framework\src\traditional\proc\p18f4550.asm
                    FSR2L   0x000fd9       data     extern E:\c18v3.46\pic18-lt\cxx-framework\src\traditional\proc\p18f4550.asm
                  HLVDCON   0x000fd2       data     extern E:\c18v3.46\pic18-lt\cxx-framework\src\traditional\proc\p18f4550.asm
              HLVDCONbits   0x000fd2       data     extern E:\c18v3.46\pic18-lt\cxx-framework\src\traditional\proc\p18f4550.asm
                    INDF0   0x000fef       data     extern E:\c18v3.46\pic18-lt\cxx-framework\src\traditional\proc\p18f4550.asm
                    INDF1   0x000fe7       data     extern E:\c18v3.46\pic18-lt\cxx-framework\src\traditional\proc\p18f4550.asm
                    INDF2   0x000fdf       data     extern E:\c18v3.46\pic18-lt\cxx-framework\src\traditional\proc\p18f4550.asm
                   INTCON   0x000ff2       data     extern E:\c18v3.46\pic18-lt\cxx-framework\src\traditional\proc\p18f4550.asm
                  INTCON2   0x000ff1       data     extern E:\c18v3.46\pic18-lt\cxx-framework\src\traditional\proc\p18f4550.asm
              INTCON2bits   0x000ff1       data     extern E:\c18v3.46\pic18-lt\cxx-framework\src\traditional\proc\p18f4550.asm
                  INTCON3   0x000ff0       data     extern E:\c18v3.46\pic18-lt\cxx-framework\src\traditional\proc\p18f4550.asm
              INTCON3bits   0x000ff0       data     extern E:\c18v3.46\pic18-lt\cxx-framework\src\traditional\proc\p18f4550.asm
               INTCONbits   0x000ff2       data     extern E:\c18v3.46\pic18-lt\cxx-framework\src\traditional\proc\p18f4550.asm
                     IPR1   0x000f9f       data     extern E:\c18v3.46\pic18-lt\cxx-framework\src\traditional\proc\p18f4550.asm
                 IPR1bits   0x000f9f       data     extern E:\c18v3.46\pic18-lt\cxx-framework\src\traditional\proc\p18f4550.asm
                     IPR2   0x000fa2       data     extern E:\c18v3.46\pic18-lt\cxx-framework\src\traditional\proc\p18f4550.asm
                 IPR2bits   0x000fa2       data     extern E:\c18v3.46\pic18-lt\cxx-framework\src\traditional\proc\p18f4550.asm
                     LATA   0x000f89       data     extern E:\c18v3.46\pic18-lt\cxx-framework\src\traditional\proc\p18f4550.asm
                 LATAbits   0x000f89       data     extern E:\c18v3.46\pic18-lt\cxx-framework\src\traditional\proc\p18f4550.asm
                     LATB   0x000f8a       data     extern E:\c18v3.46\pic18-lt\cxx-framework\src\traditional\proc\p18f4550.asm
                 LATBbits   0x000f8a       data     extern E:\c18v3.46\pic18-lt\cxx-framework\src\traditional\proc\p18f4550.asm
                     LATC   0x000f8b       data     extern E:\c18v3.46\pic18-lt\cxx-framework\src\traditional\proc\p18f4550.asm
                 LATCbits   0x000f8b       data     extern E:\c18v3.46\pic18-lt\cxx-framework\src\traditional\proc\p18f4550.asm
                     LATD   0x000f8c       data     extern E:\c18v3.46\pic18-lt\cxx-framework\src\traditional\proc\p18f4550.asm
                 LATDbits   0x000f8c       data     extern E:\c18v3.46\pic18-lt\cxx-framework\src\traditional\proc\p18f4550.asm
                     LATE   0x000f8d       data     extern E:\c18v3.46\pic18-lt\cxx-framework\src\traditional\proc\p18f4550.asm
                 LATEbits   0x000f8d       data     extern E:\c18v3.46\pic18-lt\cxx-framework\src\traditional\proc\p18f4550.asm
                       LF   0x00064d       data     extern C:\SOFTWARE_PIC\uCOS-II\PIC18\Practico_4\TEST.c
                   LVDCON   0x000fd2       data     extern E:\c18v3.46\pic18-lt\cxx-framework\src\traditional\proc\p18f4550.asm
               LVDCONbits   0x000fd2       data     extern E:\c18v3.46\pic18-lt\cxx-framework\src\traditional\proc\p18f4550.asm
                     NAdc   0x00064e       data     extern C:\SOFTWARE_PIC\uCOS-II\PIC18\Practico_4\TEST.c
                   OSCCON   0x000fd3       data     extern E:\c18v3.46\pic18-lt\cxx-framework\src\traditional\proc\p18f4550.asm
               OSCCONbits   0x000fd3       data     extern E:\c18v3.46\pic18-lt\cxx-framework\src\traditional\proc\p18f4550.asm
                  OSCTUNE   0x000f9b       data     extern E:\c18v3.46\pic18-lt\cxx-framework\src\traditional\proc\p18f4550.asm
              OSCTUNEbits   0x000f9b       data     extern E:\c18v3.46\pic18-lt\cxx-framework\src\traditional\proc\p18f4550.asm
               OSCtxSwCtr   0x0004c4       data     extern C:\SOFTWARE_PIC\uCOS-II\PIC18\Practico_4\uCOS_II.H
          OSEventFreeList   0x0004c8       data     extern C:\SOFTWARE_PIC\uCOS-II\PIC18\Practico_4\uCOS_II.H
               OSEventTbl   0x0004ca       data     extern C:\SOFTWARE_PIC\uCOS-II\PIC18\Practico_4\uCOS_II.H
                OSIdleCtr   0x000524       data     extern C:\SOFTWARE_PIC\uCOS-II\PIC18\Practico_4\uCOS_II.H
               OSIntExitY   0x00051b       data     extern C:\SOFTWARE_PIC\uCOS-II\PIC18\Practico_4\uCOS_II.H
             OSIntNesting   0x00051a       data     extern C:\SOFTWARE_PIC\uCOS-II\PIC18\Practico_4\uCOS_II.H
            OSLockNesting   0x00051c       data     extern C:\SOFTWARE_PIC\uCOS-II\PIC18\Practico_4\uCOS_II.H
                OSPrioCur   0x00051d       data     extern C:\SOFTWARE_PIC\uCOS-II\PIC18\Practico_4\uCOS_II.H
            OSPrioHighRdy   0x00051e       data     extern C:\SOFTWARE_PIC\uCOS-II\PIC18\Practico_4\uCOS_II.H
              OSQFreeList   0x000620       data     extern C:\SOFTWARE_PIC\uCOS-II\PIC18\Practico_4\uCOS_II.H
                   OSQTbl   0x000622       data     extern C:\SOFTWARE_PIC\uCOS-II\PIC18\Practico_4\uCOS_II.H
                 OSRdyGrp   0x00051f       data     extern C:\SOFTWARE_PIC\uCOS-II\PIC18\Practico_4\uCOS_II.H
                 OSRdyTbl   0x000520       data     extern C:\SOFTWARE_PIC\uCOS-II\PIC18\Practico_4\uCOS_II.H
                OSRunning   0x000522       data     extern C:\SOFTWARE_PIC\uCOS-II\PIC18\Practico_4\uCOS_II.H
                 OSTCBCur   0x00058c       data     extern C:\SOFTWARE_PIC\uCOS-II\PIC18\Practico_4\uCOS_II.H
            OSTCBFreeList   0x00058e       data     extern C:\SOFTWARE_PIC\uCOS-II\PIC18\Practico_4\uCOS_II.H
             OSTCBHighRdy   0x000590       data     extern C:\SOFTWARE_PIC\uCOS-II\PIC18\Practico_4\uCOS_II.H
                OSTCBList   0x000592       data     extern C:\SOFTWARE_PIC\uCOS-II\PIC18\Practico_4\uCOS_II.H
             OSTCBPrioTbl   0x000594       data     extern C:\SOFTWARE_PIC\uCOS-II\PIC18\Practico_4\uCOS_II.H
                 OSTCBTbl   0x0005b4       data     extern C:\SOFTWARE_PIC\uCOS-II\PIC18\Practico_4\uCOS_II.H
                OSTaskCtr   0x000523       data     extern C:\SOFTWARE_PIC\uCOS-II\PIC18\Practico_4\uCOS_II.H
            OSTaskIdleStk   0x000528       data     extern C:\SOFTWARE_PIC\uCOS-II\PIC18\Practico_4\uCOS_II.H
                   OSTime   0x00063e       data     extern C:\SOFTWARE_PIC\uCOS-II\PIC18\Practico_4\uCOS_II.H
                       PC   0x000ff9       data     extern E:\c18v3.46\pic18-lt\cxx-framework\src\traditional\proc\p18f4550.asm
                      PCL   0x000ff9       data     extern E:\c18v3.46\pic18-lt\cxx-framework\src\traditional\proc\p18f4550.asm
                   PCLATH   0x000ffa       data     extern E:\c18v3.46\pic18-lt\cxx-framework\src\traditional\proc\p18f4550.asm
                   PCLATU   0x000ffb       data     extern E:\c18v3.46\pic18-lt\cxx-framework\src\traditional\proc\p18f4550.asm
                     PIE1   0x000f9d       data     extern E:\c18v3.46\pic18-lt\cxx-framework\src\traditional\proc\p18f4550.asm
                 PIE1bits   0x000f9d       data     extern E:\c18v3.46\pic18-lt\cxx-framework\src\traditional\proc\p18f4550.asm
                     PIE2   0x000fa0       data     extern E:\c18v3.46\pic18-lt\cxx-framework\src\traditional\proc\p18f4550.asm
                 PIE2bits   0x000fa0       data     extern E:\c18v3.46\pic18-lt\cxx-framework\src\traditional\proc\p18f4550.asm
                     PIR1   0x000f9e       data     extern E:\c18v3.46\pic18-lt\cxx-framework\src\traditional\proc\p18f4550.asm
                 PIR1bits   0x000f9e       data     extern E:\c18v3.46\pic18-lt\cxx-framework\src\traditional\proc\p18f4550.asm
                     PIR2   0x000fa1       data     extern E:\c18v3.46\pic18-lt\cxx-framework\src\traditional\proc\p18f4550.asm
                 PIR2bits   0x000fa1       data     extern E:\c18v3.46\pic18-lt\cxx-framework\src\traditional\proc\p18f4550.asm
                   PLUSW0   0x000feb       data     extern E:\c18v3.46\pic18-lt\cxx-framework\src\traditional\proc\p18f4550.asm
                   PLUSW1   0x000fe3       data     extern E:\c18v3.46\pic18-lt\cxx-framework\src\traditional\proc\p18f4550.asm
                   PLUSW2   0x000fdb       data     extern E:\c18v3.46\pic18-lt\cxx-framework\src\traditional\proc\p18f4550.asm
                    PORTA   0x000f80       data     extern E:\c18v3.46\pic18-lt\cxx-framework\src\traditional\proc\p18f4550.asm
                PORTAbits   0x000f80       data     extern E:\c18v3.46\pic18-lt\cxx-framework\src\traditional\proc\p18f4550.asm
                    PORTB   0x000f81       data     extern E:\c18v3.46\pic18-lt\cxx-framework\src\traditional\proc\p18f4550.asm
                PORTBbits   0x000f81       data     extern E:\c18v3.46\pic18-lt\cxx-framework\src\traditional\proc\p18f4550.asm
                    PORTC   0x000f82       data     extern E:\c18v3.46\pic18-lt\cxx-framework\src\traditional\proc\p18f4550.asm
                PORTCbits   0x000f82       data     extern E:\c18v3.46\pic18-lt\cxx-framework\src\traditional\proc\p18f4550.asm
                    PORTD   0x000f83       data     extern E:\c18v3.46\pic18-lt\cxx-framework\src\traditional\proc\p18f4550.asm
                PORTDbits   0x000f83       data     extern E:\c18v3.46\pic18-lt\cxx-framework\src\traditional\proc\p18f4550.asm
                    PORTE   0x000f84       data     extern E:\c18v3.46\pic18-lt\cxx-framework\src\traditional\proc\p18f4550.asm
                PORTEbits   0x000f84       data     extern E:\c18v3.46\pic18-lt\cxx-framework\src\traditional\proc\p18f4550.asm
                 POSTDEC0   0x000fed       data     extern E:\c18v3.46\pic18-lt\cxx-framework\src\traditional\proc\p18f4550.asm
                 POSTDEC1   0x000fe5       data     extern E:\c18v3.46\pic18-lt\cxx-framework\src\traditional\proc\p18f4550.asm
                 POSTDEC2   0x000fdd       data     extern E:\c18v3.46\pic18-lt\cxx-framework\src\traditional\proc\p18f4550.asm
                 POSTINC0   0x000fee       data     extern E:\c18v3.46\pic18-lt\cxx-framework\src\traditional\proc\p18f4550.asm
                 POSTINC1   0x000fe6       data     extern E:\c18v3.46\pic18-lt\cxx-framework\src\traditional\proc\p18f4550.asm
                 POSTINC2   0x000fde       data     extern E:\c18v3.46\pic18-lt\cxx-framework\src\traditional\proc\p18f4550.asm
                      PR2   0x000fcb       data     extern E:\c18v3.46\pic18-lt\cxx-framework\src\traditional\proc\p18f4550.asm
                  PREINC0   0x000fec       data     extern E:\c18v3.46\pic18-lt\cxx-framework\src\traditional\proc\p18f4550.asm
                  PREINC1   0x000fe4       data     extern E:\c18v3.46\pic18-lt\cxx-framework\src\traditional\proc\p18f4550.asm
                  PREINC2   0x000fdc       data     extern E:\c18v3.46\pic18-lt\cxx-framework\src\traditional\proc\p18f4550.asm
                     PROD   0x000ff3       data     extern E:\c18v3.46\pic18-lt\cxx-framework\src\traditional\proc\p18f4550.asm
                    PRODH   0x000ff4       data     extern E:\c18v3.46\pic18-lt\cxx-framework\src\traditional\proc\p18f4550.asm
                    PRODL   0x000ff3       data     extern E:\c18v3.46\pic18-lt\cxx-framework\src\traditional\proc\p18f4550.asm
                QueueADC0   0x0001a2       data     extern C:\SOFTWARE_PIC\uCOS-II\PIC18\Practico_4\TEST.c
         QueueADC0Message   0x000160       data     extern C:\SOFTWARE_PIC\uCOS-II\PIC18\Practico_4\TEST.c
                     RCON   0x000fd0       data     extern E:\c18v3.46\pic18-lt\cxx-framework\src\traditional\proc\p18f4550.asm
                 RCONbits   0x000fd0       data     extern E:\c18v3.46\pic18-lt\cxx-framework\src\traditional\proc\p18f4550.asm
                    RCREG   0x000fae       data     extern E:\c18v3.46\pic18-lt\cxx-framework\src\traditional\proc\p18f4550.asm
                    RCSTA   0x000fab       data     extern E:\c18v3.46\pic18-lt\cxx-framework\src\traditional\proc\p18f4550.asm
                RCSTAbits   0x000fab       data     extern E:\c18v3.46\pic18-lt\cxx-framework\src\traditional\proc\p18f4550.asm
                     SAdc   0x0001a0       data     extern C:\SOFTWARE_PIC\uCOS-II\PIC18\Practico_4\TEST.c
                     SIGN   0x000022       data     extern E:\c18v3.46\pic18-lt\cxx-framework\src\traditional\math\cmath18.asm
                    SPBRG   0x000faf       data     extern E:\c18v3.46\pic18-lt\cxx-framework\src\traditional\proc\p18f4550.asm
                   SPBRGH   0x000fb0       data     extern E:\c18v3.46\pic18-lt\cxx-framework\src\traditional\proc\p18f4550.asm
                   SPPCFG   0x000f63       data     extern E:\c18v3.46\pic18-lt\cxx-framework\src\traditional\proc\p18f4550.asm
               SPPCFGbits   0x000f63       data     extern E:\c18v3.46\pic18-lt\cxx-framework\src\traditional\proc\p18f4550.asm
                   SPPCON   0x000f65       data     extern E:\c18v3.46\pic18-lt\cxx-framework\src\traditional\proc\p18f4550.asm
               SPPCONbits   0x000f65       data     extern E:\c18v3.46\pic18-lt\cxx-framework\src\traditional\proc\p18f4550.asm
                  SPPDATA   0x000f62       data     extern E:\c18v3.46\pic18-lt\cxx-framework\src\traditional\proc\p18f4550.asm
                   SPPEPS   0x000f64       data     extern E:\c18v3.46\pic18-lt\cxx-framework\src\traditional\proc\p18f4550.asm
               SPPEPSbits   0x000f64       data     extern E:\c18v3.46\pic18-lt\cxx-framework\src\traditional\proc\p18f4550.asm
                   SSPADD   0x000fc8       data     extern E:\c18v3.46\pic18-lt\cxx-framework\src\traditional\proc\p18f4550.asm
                   SSPBUF   0x000fc9       data     extern E:\c18v3.46\pic18-lt\cxx-framework\src\traditional\proc\p18f4550.asm
                  SSPCON1   0x000fc6       data     extern E:\c18v3.46\pic18-lt\cxx-framework\src\traditional\proc\p18f4550.asm
              SSPCON1bits   0x000fc6       data     extern E:\c18v3.46\pic18-lt\cxx-framework\src\traditional\proc\p18f4550.asm
                  SSPCON2   0x000fc5       data     extern E:\c18v3.46\pic18-lt\cxx-framework\src\traditional\proc\p18f4550.asm
              SSPCON2bits   0x000fc5       data     extern E:\c18v3.46\pic18-lt\cxx-framework\src\traditional\proc\p18f4550.asm
                  SSPSTAT   0x000fc7       data     extern E:\c18v3.46\pic18-lt\cxx-framework\src\traditional\proc\p18f4550.asm
              SSPSTATbits   0x000fc7       data     extern E:\c18v3.46\pic18-lt\cxx-framework\src\traditional\proc\p18f4550.asm
                   STATUS   0x000fd8       data     extern E:\c18v3.46\pic18-lt\cxx-framework\src\traditional\proc\p18f4550.asm
               STATUSbits   0x000fd8       data     extern E:\c18v3.46\pic18-lt\cxx-framework\src\traditional\proc\p18f4550.asm
                   STKPTR   0x000ffc       data     extern E:\c18v3.46\pic18-lt\cxx-framework\src\traditional\proc\p18f4550.asm
               STKPTRbits   0x000ffc       data     extern E:\c18v3.46\pic18-lt\cxx-framework\src\traditional\proc\p18f4550.asm
                   STask1   0x00019c       data     extern C:\SOFTWARE_PIC\uCOS-II\PIC18\Practico_4\TEST.c
                   STask2   0x00019e       data     extern C:\SOFTWARE_PIC\uCOS-II\PIC18\Practico_4\TEST.c
            Start_TaskStk   0x0001a4       data     extern C:\SOFTWARE_PIC\uCOS-II\PIC18\Practico_4\TEST.c
                    T0CON   0x000fd5       data     extern E:\c18v3.46\pic18-lt\cxx-framework\src\traditional\proc\p18f4550.asm
                T0CONbits   0x000fd5       data     extern E:\c18v3.46\pic18-lt\cxx-framework\src\traditional\proc\p18f4550.asm
                    T1CON   0x000fcd       data     extern E:\c18v3.46\pic18-lt\cxx-framework\src\traditional\proc\p18f4550.asm
                T1CONbits   0x000fcd       data     extern E:\c18v3.46\pic18-lt\cxx-framework\src\traditional\proc\p18f4550.asm
                    T2CON   0x000fca       data     extern E:\c18v3.46\pic18-lt\cxx-framework\src\traditional\proc\p18f4550.asm
                T2CONbits   0x000fca       data     extern E:\c18v3.46\pic18-lt\cxx-framework\src\traditional\proc\p18f4550.asm
                    T3CON   0x000fb1       data     extern E:\c18v3.46\pic18-lt\cxx-framework\src\traditional\proc\p18f4550.asm
                T3CONbits   0x000fb1       data     extern E:\c18v3.46\pic18-lt\cxx-framework\src\traditional\proc\p18f4550.asm
                   TABLAT   0x000ff5       data     extern E:\c18v3.46\pic18-lt\cxx-framework\src\traditional\proc\p18f4550.asm
                   TBLPTR   0x000ff6       data     extern E:\c18v3.46\pic18-lt\cxx-framework\src\traditional\proc\p18f4550.asm
                  TBLPTRH   0x000ff7       data     extern E:\c18v3.46\pic18-lt\cxx-framework\src\traditional\proc\p18f4550.asm
                  TBLPTRL   0x000ff6       data     extern E:\c18v3.46\pic18-lt\cxx-framework\src\traditional\proc\p18f4550.asm
                  TBLPTRU   0x000ff8       data     extern E:\c18v3.46\pic18-lt\cxx-framework\src\traditional\proc\p18f4550.asm
                    TMR0H   0x000fd7       data     extern E:\c18v3.46\pic18-lt\cxx-framework\src\traditional\proc\p18f4550.asm
                    TMR0L   0x000fd6       data     extern E:\c18v3.46\pic18-lt\cxx-framework\src\traditional\proc\p18f4550.asm
                    TMR1H   0x000fcf       data     extern E:\c18v3.46\pic18-lt\cxx-framework\src\traditional\proc\p18f4550.asm
                    TMR1L   0x000fce       data     extern E:\c18v3.46\pic18-lt\cxx-framework\src\traditional\proc\p18f4550.asm
                     TMR2   0x000fcc       data     extern E:\c18v3.46\pic18-lt\cxx-framework\src\traditional\proc\p18f4550.asm
                    TMR3H   0x000fb3       data     extern E:\c18v3.46\pic18-lt\cxx-framework\src\traditional\proc\p18f4550.asm
                    TMR3L   0x000fb2       data     extern E:\c18v3.46\pic18-lt\cxx-framework\src\traditional\proc\p18f4550.asm
                      TOS   0x000ffd       data     extern E:\c18v3.46\pic18-lt\cxx-framework\src\traditional\proc\p18f4550.asm
                     TOSH   0x000ffe       data     extern E:\c18v3.46\pic18-lt\cxx-framework\src\traditional\proc\p18f4550.asm
                     TOSL   0x000ffd       data     extern E:\c18v3.46\pic18-lt\cxx-framework\src\traditional\proc\p18f4550.asm
                     TOSU   0x000fff       data     extern E:\c18v3.46\pic18-lt\cxx-framework\src\traditional\proc\p18f4550.asm
                    TRISA   0x000f92       data     extern E:\c18v3.46\pic18-lt\cxx-framework\src\traditional\proc\p18f4550.asm
                TRISAbits   0x000f92       data     extern E:\c18v3.46\pic18-lt\cxx-framework\src\traditional\proc\p18f4550.asm
                    TRISB   0x000f93       data     extern E:\c18v3.46\pic18-lt\cxx-framework\src\traditional\proc\p18f4550.asm
                TRISBbits   0x000f93       data     extern E:\c18v3.46\pic18-lt\cxx-framework\src\traditional\proc\p18f4550.asm
                    TRISC   0x000f94       data     extern E:\c18v3.46\pic18-lt\cxx-framework\src\traditional\proc\p18f4550.asm
                TRISCbits   0x000f94       data     extern E:\c18v3.46\pic18-lt\cxx-framework\src\traditional\proc\p18f4550.asm
                    TRISD   0x000f95       data     extern E:\c18v3.46\pic18-lt\cxx-framework\src\traditional\proc\p18f4550.asm
                TRISDbits   0x000f95       data     extern E:\c18v3.46\pic18-lt\cxx-framework\src\traditional\proc\p18f4550.asm
                    TRISE   0x000f96       data     extern E:\c18v3.46\pic18-lt\cxx-framework\src\traditional\proc\p18f4550.asm
                TRISEbits   0x000f96       data     extern E:\c18v3.46\pic18-lt\cxx-framework\src\traditional\proc\p18f4550.asm
                    TXREG   0x000fad       data     extern E:\c18v3.46\pic18-lt\cxx-framework\src\traditional\proc\p18f4550.asm
                    TXSTA   0x000fac       data     extern E:\c18v3.46\pic18-lt\cxx-framework\src\traditional\proc\p18f4550.asm
                TXSTAbits   0x000fac       data     extern E:\c18v3.46\pic18-lt\cxx-framework\src\traditional\proc\p18f4550.asm
                 Task1Stk   0x00026c       data     extern C:\SOFTWARE_PIC\uCOS-II\PIC18\Practico_4\TEST.c
                 Task2Stk   0x000334       data     extern C:\SOFTWARE_PIC\uCOS-II\PIC18\Practico_4\TEST.c
                 Task3Stk   0x0003fc       data     extern C:\SOFTWARE_PIC\uCOS-II\PIC18\Practico_4\TEST.c
                    UADDR   0x000f6e       data     extern E:\c18v3.46\pic18-lt\cxx-framework\src\traditional\proc\p18f4550.asm
                UADDRbits   0x000f6e       data     extern E:\c18v3.46\pic18-lt\cxx-framework\src\traditional\proc\p18f4550.asm
                     UCFG   0x000f6f       data     extern E:\c18v3.46\pic18-lt\cxx-framework\src\traditional\proc\p18f4550.asm
                 UCFGbits   0x000f6f       data     extern E:\c18v3.46\pic18-lt\cxx-framework\src\traditional\proc\p18f4550.asm
                     UCON   0x000f6d       data     extern E:\c18v3.46\pic18-lt\cxx-framework\src\traditional\proc\p18f4550.asm
                 UCONbits   0x000f6d       data     extern E:\c18v3.46\pic18-lt\cxx-framework\src\traditional\proc\p18f4550.asm
                     UEIE   0x000f6b       data     extern E:\c18v3.46\pic18-lt\cxx-framework\src\traditional\proc\p18f4550.asm
                 UEIEbits   0x000f6b       data     extern E:\c18v3.46\pic18-lt\cxx-framework\src\traditional\proc\p18f4550.asm
                     UEIR   0x000f6a       data     extern E:\c18v3.46\pic18-lt\cxx-framework\src\traditional\proc\p18f4550.asm
                 UEIRbits   0x000f6a       data     extern E:\c18v3.46\pic18-lt\cxx-framework\src\traditional\proc\p18f4550.asm
                     UEP0   0x000f70       data     extern E:\c18v3.46\pic18-lt\cxx-framework\src\traditional\proc\p18f4550.asm
                 UEP0bits   0x000f70       data     extern E:\c18v3.46\pic18-lt\cxx-framework\src\traditional\proc\p18f4550.asm
                     UEP1   0x000f71       data     extern E:\c18v3.46\pic18-lt\cxx-framework\src\traditional\proc\p18f4550.asm
                    UEP10   0x000f7a       data     extern E:\c18v3.46\pic18-lt\cxx-framework\src\traditional\proc\p18f4550.asm
                UEP10bits   0x000f7a       data     extern E:\c18v3.46\pic18-lt\cxx-framework\src\traditional\proc\p18f4550.asm
                    UEP11   0x000f7b       data     extern E:\c18v3.46\pic18-lt\cxx-framework\src\traditional\proc\p18f4550.asm
                UEP11bits   0x000f7b       data     extern E:\c18v3.46\pic18-lt\cxx-framework\src\traditional\proc\p18f4550.asm
                    UEP12   0x000f7c       data     extern E:\c18v3.46\pic18-lt\cxx-framework\src\traditional\proc\p18f4550.asm
                UEP12bits   0x000f7c       data     extern E:\c18v3.46\pic18-lt\cxx-framework\src\traditional\proc\p18f4550.asm
                    UEP13   0x000f7d       data     extern E:\c18v3.46\pic18-lt\cxx-framework\src\traditional\proc\p18f4550.asm
                UEP13bits   0x000f7d       data     extern E:\c18v3.46\pic18-lt\cxx-framework\src\traditional\proc\p18f4550.asm
                    UEP14   0x000f7e       data     extern E:\c18v3.46\pic18-lt\cxx-framework\src\traditional\proc\p18f4550.asm
                UEP14bits   0x000f7e       data     extern E:\c18v3.46\pic18-lt\cxx-framework\src\traditional\proc\p18f4550.asm
                    UEP15   0x000f7f       data     extern E:\c18v3.46\pic18-lt\cxx-framework\src\traditional\proc\p18f4550.asm
                UEP15bits   0x000f7f       data     extern E:\c18v3.46\pic18-lt\cxx-framework\src\traditional\proc\p18f4550.asm
                 UEP1bits   0x000f71       data     extern E:\c18v3.46\pic18-lt\cxx-framework\src\traditional\proc\p18f4550.asm
                     UEP2   0x000f72       data     extern E:\c18v3.46\pic18-lt\cxx-framework\src\traditional\proc\p18f4550.asm
                 UEP2bits   0x000f72       data     extern E:\c18v3.46\pic18-lt\cxx-framework\src\traditional\proc\p18f4550.asm
                     UEP3   0x000f73       data     extern E:\c18v3.46\pic18-lt\cxx-framework\src\traditional\proc\p18f4550.asm
                 UEP3bits   0x000f73       data     extern E:\c18v3.46\pic18-lt\cxx-framework\src\traditional\proc\p18f4550.asm
                     UEP4   0x000f74       data     extern E:\c18v3.46\pic18-lt\cxx-framework\src\traditional\proc\p18f4550.asm
                 UEP4bits   0x000f74       data     extern E:\c18v3.46\pic18-lt\cxx-framework\src\traditional\proc\p18f4550.asm
                     UEP5   0x000f75       data     extern E:\c18v3.46\pic18-lt\cxx-framework\src\traditional\proc\p18f4550.asm
                 UEP5bits   0x000f75       data     extern E:\c18v3.46\pic18-lt\cxx-framework\src\traditional\proc\p18f4550.asm
                     UEP6   0x000f76       data     extern E:\c18v3.46\pic18-lt\cxx-framework\src\traditional\proc\p18f4550.asm
                 UEP6bits   0x000f76       data     extern E:\c18v3.46\pic18-lt\cxx-framework\src\traditional\proc\p18f4550.asm
                     UEP7   0x000f77       data     extern E:\c18v3.46\pic18-lt\cxx-framework\src\traditional\proc\p18f4550.asm
                 UEP7bits   0x000f77       data     extern E:\c18v3.46\pic18-lt\cxx-framework\src\traditional\proc\p18f4550.asm
                     UEP8   0x000f78       data     extern E:\c18v3.46\pic18-lt\cxx-framework\src\traditional\proc\p18f4550.asm
                 UEP8bits   0x000f78       data     extern E:\c18v3.46\pic18-lt\cxx-framework\src\traditional\proc\p18f4550.asm
                     UEP9   0x000f79       data     extern E:\c18v3.46\pic18-lt\cxx-framework\src\traditional\proc\p18f4550.asm
                 UEP9bits   0x000f79       data     extern E:\c18v3.46\pic18-lt\cxx-framework\src\traditional\proc\p18f4550.asm
                     UFRM   0x000f66       data     extern E:\c18v3.46\pic18-lt\cxx-framework\src\traditional\proc\p18f4550.asm
                    UFRMH   0x000f67       data     extern E:\c18v3.46\pic18-lt\cxx-framework\src\traditional\proc\p18f4550.asm
                UFRMHbits   0x000f67       data     extern E:\c18v3.46\pic18-lt\cxx-framework\src\traditional\proc\p18f4550.asm
                    UFRML   0x000f66       data     extern E:\c18v3.46\pic18-lt\cxx-framework\src\traditional\proc\p18f4550.asm
                UFRMLbits   0x000f66       data     extern E:\c18v3.46\pic18-lt\cxx-framework\src\traditional\proc\p18f4550.asm
                      UIE   0x000f69       data     extern E:\c18v3.46\pic18-lt\cxx-framework\src\traditional\proc\p18f4550.asm
                  UIEbits   0x000f69       data     extern E:\c18v3.46\pic18-lt\cxx-framework\src\traditional\proc\p18f4550.asm
                      UIR   0x000f68       data     extern E:\c18v3.46\pic18-lt\cxx-framework\src\traditional\proc\p18f4550.asm
                  UIRbits   0x000f68       data     extern E:\c18v3.46\pic18-lt\cxx-framework\src\traditional\proc\p18f4550.asm
                    USTAT   0x000f6c       data     extern E:\c18v3.46\pic18-lt\cxx-framework\src\traditional\proc\p18f4550.asm
                USTATbits   0x000f6c       data     extern E:\c18v3.46\pic18-lt\cxx-framework\src\traditional\proc\p18f4550.asm
                   WDTCON   0x000fd1       data     extern E:\c18v3.46\pic18-lt\cxx-framework\src\traditional\proc\p18f4550.asm
               WDTCONbits   0x000fd1       data     extern E:\c18v3.46\pic18-lt\cxx-framework\src\traditional\proc\p18f4550.asm
                     WREG   0x000fe8       data     extern E:\c18v3.46\pic18-lt\cxx-framework\src\traditional\proc\p18f4550.asm
                 __AARGB0   0x00001b       data     extern E:\c18v3.46\pic18-lt\cxx-framework\src\traditional\math\aarg.asm
                 __AARGB1   0x00001a       data     extern E:\c18v3.46\pic18-lt\cxx-framework\src\traditional\math\aarg.asm
                 __AARGB2   0x000019       data     extern E:\c18v3.46\pic18-lt\cxx-framework\src\traditional\math\aarg.asm
                 __AARGB3   0x000018       data     extern E:\c18v3.46\pic18-lt\cxx-framework\src\traditional\math\aarg.asm
                 __AARGB4   0x000017       data     extern E:\c18v3.46\pic18-lt\cxx-framework\src\traditional\math\aarg.asm
                 __AARGB5   0x000016       data     extern E:\c18v3.46\pic18-lt\cxx-framework\src\traditional\math\aarg.asm
                 __AARGB6   0x000015       data     extern E:\c18v3.46\pic18-lt\cxx-framework\src\traditional\math\aarg.asm
                 __AARGB7   0x000014       data     extern E:\c18v3.46\pic18-lt\cxx-framework\src\traditional\math\aarg.asm
                   __AEXP   0x00001c       data     extern E:\c18v3.46\pic18-lt\cxx-framework\src\traditional\math\aarg.asm
                 __BARGB0   0x000020       data     extern E:\c18v3.46\pic18-lt\cxx-framework\src\traditional\math\barg.asm
                 __BARGB1   0x00001f       data     extern E:\c18v3.46\pic18-lt\cxx-framework\src\traditional\math\barg.asm
                 __BARGB2   0x00001e       data     extern E:\c18v3.46\pic18-lt\cxx-framework\src\traditional\math\barg.asm
                 __BARGB3   0x00001d       data     extern E:\c18v3.46\pic18-lt\cxx-framework\src\traditional\math\barg.asm
                   __BEXP   0x000021       data     extern E:\c18v3.46\pic18-lt\cxx-framework\src\traditional\math\barg.asm
                __FPFLAGS   0x000023       data     extern E:\c18v3.46\pic18-lt\cxx-framework\src\traditional\math\cmath18.asm
            __FPFLAGSbits   0x000023       data     extern E:\c18v3.46\pic18-lt\cxx-framework\src\traditional\math\cmath18.asm
                  __REMB0   0x000017       data     extern E:\c18v3.46\pic18-lt\cxx-framework\src\traditional\math\aarg.asm
                  __REMB1   0x000016       data     extern E:\c18v3.46\pic18-lt\cxx-framework\src\traditional\math\aarg.asm
                  __REMB2   0x000015       data     extern E:\c18v3.46\pic18-lt\cxx-framework\src\traditional\math\aarg.asm
                  __REMB3   0x000014       data     extern E:\c18v3.46\pic18-lt\cxx-framework\src\traditional\math\aarg.asm
                  __tmp_0   0x000000       data     static E:\c18v3.46\pic18-lt\cxx-framework\src\pmc_common\ADC\adcsetch.c
                  __tmp_0   0x000000       data     static E:\c18v3.46\pic18-lt\cxx-framework\src\pmc_common\ADC\adcread.c
                  __tmp_0   0x000000       data     static E:\c18v3.46\pic18-lt\cxx-framework\src\pmc_common\USART\uopen.c
                  __tmp_0   0x000000       data     static E:\c18v3.46\pic18-lt\cxx-framework\src\pmc_common\ADC\adcopen.c
                  __tmp_0   0x000000       data     static C:\SOFTWARE_PIC\uCOS-II\PIC18\Practico_4\TEST.c
                  __tmp_0   0x000000       data     static C:\software_pic\ucos-ii\source\os_time.c
                  __tmp_0   0x000000       data     static C:\SOFTWARE_PIC\uCOS-II\PIC18\Practico_4\OS_CPU_C.C
                curr_byte   0x000645       data     static E:\c18v3.46\pic18-lt\cxx-framework\src\traditional\startup\c018i.c
               curr_entry   0x000647       data     static E:\c18v3.46\pic18-lt\cxx-framework\src\traditional\startup\c018i.c
                 data_ptr   0x000649       data     static E:\c18v3.46\pic18-lt\cxx-framework\src\traditional\startup\c018i.c
                     prom   0x000642       data     static E:\c18v3.46\pic18-lt\cxx-framework\src\traditional\startup\c018i.c



                              Symbols - Sorted by Address
                     Name    Address   Location    Storage File                     
                ---------  ---------  ---------  --------- ---------                
                   _entry   0x000000    program     extern E:\c18v3.46\pic18-lt\cxx-framework\src\traditional\startup\c018i.c
       ___return_lbl00000   0x000004    program     static                          
                   __init   0x000006    program     extern E:\c18v3.46\pic18-lt\cxx-framework\src\traditional\stdclib\__init.c
            CPUhighVector   0x000008    program     extern C:\SOFTWARE_PIC\uCOS-II\PIC18\Practico_4\OS_CPU_C.C
       ___return_lbl00024   0x00000c    program     static                          
                  BusyADC   0x00000e    program     extern E:\c18v3.46\pic18-lt\cxx-framework\src\pmc_common\ADC\adcbusy.c
             CPUlowVector   0x000018    program     extern C:\SOFTWARE_PIC\uCOS-II\PIC18\Practico_4\OS_CPU_C.C
       ___return_lbl00025   0x00001c    program     static                          
                   OSInit   0x00002c    program     extern C:\SOFTWARE_PIC\uCOS-II\PIC18\Practico_4\os_core.c
               OSIntEnter   0x00004e    program     extern C:\SOFTWARE_PIC\uCOS-II\PIC18\Practico_4\os_core.c
                OSIntExit   0x000072    program     extern C:\SOFTWARE_PIC\uCOS-II\PIC18\Practico_4\os_core.c
                  OSStart   0x00017e    program     extern C:\SOFTWARE_PIC\uCOS-II\PIC18\Practico_4\os_core.c
               OSTimeTick   0x000260    program     extern C:\SOFTWARE_PIC\uCOS-II\PIC18\Practico_4\os_core.c
                OSVersion   0x0003f2    program     extern C:\SOFTWARE_PIC\uCOS-II\PIC18\Practico_4\os_core.c
          OS_EventTaskRdy   0x0003fc    program     extern C:\SOFTWARE_PIC\uCOS-II\PIC18\Practico_4\os_core.c
         OS_EventTaskWait   0x00065e    program     extern C:\SOFTWARE_PIC\uCOS-II\PIC18\Practico_4\os_core.c
               OS_EventTO   0x00073c    program     extern C:\SOFTWARE_PIC\uCOS-II\PIC18\Practico_4\os_core.c
     OS_EventWaitListInit   0x0007e8    program     extern C:\SOFTWARE_PIC\uCOS-II\PIC18\Practico_4\os_core.c
         OS_InitEventList   0x000864    program     static C:\SOFTWARE_PIC\uCOS-II\PIC18\Practico_4\os_core.c
              OS_InitMisc   0x00097a    program     static C:\SOFTWARE_PIC\uCOS-II\PIC18\Practico_4\os_core.c
           OS_InitRdyList   0x0009aa    program     static C:\SOFTWARE_PIC\uCOS-II\PIC18\Practico_4\os_core.c
          OS_InitTaskIdle   0x000a50    program     static C:\SOFTWARE_PIC\uCOS-II\PIC18\Practico_4\os_core.c
           OS_InitTCBList   0x000a84    program     static C:\SOFTWARE_PIC\uCOS-II\PIC18\Practico_4\os_core.c
                 OS_Sched   0x000bb8    program     extern C:\SOFTWARE_PIC\uCOS-II\PIC18\Practico_4\os_core.c
              OS_TaskIdle   0x000cb8    program     extern C:\SOFTWARE_PIC\uCOS-II\PIC18\Practico_4\os_core.c
               OS_TCBInit   0x000d14    program     extern C:\SOFTWARE_PIC\uCOS-II\PIC18\Practico_4\os_core.c
                OSQAccept   0x0010bc    program     extern C:\software_pic\ucos-ii\source\os_q.c
                OSQCreate   0x001258    program     extern C:\software_pic\ucos-ii\source\os_q.c
                   OSQDel   0x0014aa    program     extern C:\software_pic\ucos-ii\source\os_q.c
                 OSQFlush   0x001768    program     extern C:\software_pic\ucos-ii\source\os_q.c
                  OSQPend   0x001876    program     extern C:\software_pic\ucos-ii\source\os_q.c
                  OSQPost   0x001b68    program     extern C:\software_pic\ucos-ii\source\os_q.c
             OSQPostFront   0x001d72    program     extern C:\software_pic\ucos-ii\source\os_q.c
               OSQPostOpt   0x001f88    program     extern C:\software_pic\ucos-ii\source\os_q.c
                 OSQQuery   0x0022a6    program     extern C:\software_pic\ucos-ii\source\os_q.c
                 OS_QInit   0x0024ea    program     extern C:\software_pic\ucos-ii\source\os_q.c
              OSSemAccept   0x0025d8    program     extern C:\software_pic\ucos-ii\source\os_sem.c
              OSSemCreate   0x0026aa    program     extern C:\software_pic\ucos-ii\source\os_sem.c
                 OSSemDel   0x00278a    program     extern C:\software_pic\ucos-ii\source\os_sem.c
                OSSemPend   0x0029cc    program     extern C:\software_pic\ucos-ii\source\os_sem.c
                OSSemPost   0x002b62    program     extern C:\software_pic\ucos-ii\source\os_sem.c
               OSSemQuery   0x002c66    program     extern C:\software_pic\ucos-ii\source\os_sem.c
             OSTaskCreate   0x002de6    program     extern C:\software_pic\ucos-ii\source\os_task.c
                OSTimeDly   0x002f8e    program     extern C:\software_pic\ucos-ii\source\os_time.c
            OSTimeDlyHMSM   0x003038    program     extern C:\software_pic\ucos-ii\source\os_time.c
          OSTimeDlyResume   0x003314    program     extern C:\software_pic\ucos-ii\source\os_time.c
                OSTimeGet   0x00346e    program     extern C:\software_pic\ucos-ii\source\os_time.c
                OSTimeSet   0x0034f4    program     extern C:\software_pic\ucos-ii\source\os_time.c
                    Task1   0x00353e    program     extern C:\SOFTWARE_PIC\uCOS-II\PIC18\Practico_4\TEST.c
                    Task2   0x003718    program     extern C:\SOFTWARE_PIC\uCOS-II\PIC18\Practico_4\TEST.c
                    Task3   0x0037d0    program     extern C:\SOFTWARE_PIC\uCOS-II\PIC18\Practico_4\TEST.c
               Task_START   0x003894    program     extern C:\SOFTWARE_PIC\uCOS-II\PIC18\Practico_4\TEST.c
                     main   0x003a10    program     extern C:\SOFTWARE_PIC\uCOS-II\PIC18\Practico_4\TEST.c
            OSTaskStkInit   0x003a8a    program     extern C:\SOFTWARE_PIC\uCOS-II\PIC18\Practico_4\OS_CPU_C.C
         OSTaskCreateHook   0x003c4e    program     extern C:\SOFTWARE_PIC\uCOS-II\PIC18\Practico_4\OS_CPU_C.C
            OSTaskDelHook   0x003c6a    program     extern C:\SOFTWARE_PIC\uCOS-II\PIC18\Practico_4\OS_CPU_C.C
             OSTaskSwHook   0x003c86    program     extern C:\SOFTWARE_PIC\uCOS-II\PIC18\Practico_4\OS_CPU_C.C
           OSTaskStatHook   0x003c88    program     extern C:\SOFTWARE_PIC\uCOS-II\PIC18\Practico_4\OS_CPU_C.C
           OSTimeTickHook   0x003c8a    program     extern C:\SOFTWARE_PIC\uCOS-II\PIC18\Practico_4\OS_CPU_C.C
            OSTCBInitHook   0x003c8c    program     extern C:\SOFTWARE_PIC\uCOS-II\PIC18\Practico_4\OS_CPU_C.C
           OSTaskIdleHook   0x003ca8    program     extern C:\SOFTWARE_PIC\uCOS-II\PIC18\Practico_4\OS_CPU_C.C
          OSInitHookBegin   0x003caa    program     extern C:\SOFTWARE_PIC\uCOS-II\PIC18\Practico_4\OS_CPU_C.C
            OSInitHookEnd   0x003cac    program     extern C:\SOFTWARE_PIC\uCOS-II\PIC18\Practico_4\OS_CPU_C.C
           OSStartHighRdy   0x003cae    program     extern C:\SOFTWARE_PIC\uCOS-II\PIC18\Practico_4\OS_CPU_C.C
        ___while_lbl00011   0x003cc6    program     static                          
        ___while_lbl00012   0x003cd0    program     static                          
           ___if_lbl00013   0x003cd6    program     static                          
           ___do_lbl00016   0x003cdc    program     static                          
           ___do_lbl00014   0x003cea    program     static                          
           ___do_lbl00015   0x003cee    program     static                          
       ___return_lbl00010   0x003d20    program     static                          
                  OSCtxSw   0x003d22    program     extern C:\SOFTWARE_PIC\uCOS-II\PIC18\Practico_4\OS_CPU_C.C
        ___while_lbl00018   0x003d56    program     static                          
        ___while_lbl00019   0x003d6e    program     static                          
           ___if_lbl00020   0x003d78    program     static                          
           ___do_lbl00023   0x003dac    program     static                          
           ___do_lbl00021   0x003dba    program     static                          
           ___do_lbl00022   0x003dbe    program     static                          
       ___return_lbl00017   0x003df0    program     static                          
             CPUInterrupt   0x003df2    program     extern C:\SOFTWARE_PIC\uCOS-II\PIC18\Practico_4\OS_CPU_C.C
        ___while_lbl00027   0x003e24    program     static                          
        ___while_lbl00028   0x003e3c    program     static                          
           ___if_lbl00029   0x003e46    program     static                          
           ___if_lbl00030   0x003e60    program     static                          
           ___do_lbl00033   0x003e6e    program     static                          
           ___do_lbl00031   0x003e7c    program     static                          
           ___do_lbl00032   0x003e80    program     static                          
       ___return_lbl00026   0x003eb2    program     static                          
               OSIntCtxSw   0x003eb4    program     extern C:\SOFTWARE_PIC\uCOS-II\PIC18\Practico_4\OS_CPU_C.C
        ___while_lbl00035   0x003ed2    program     static                          
        ___while_lbl00036   0x003edc    program     static                          
           ___if_lbl00037   0x003ee2    program     static                          
           ___do_lbl00040   0x003ee8    program     static                          
           ___do_lbl00038   0x003ef6    program     static                          
           ___do_lbl00039   0x003efa    program     static                          
       ___return_lbl00034   0x003f2c    program     static                          
                 OSMapTbl   0x003f2e    program     extern C:\SOFTWARE_PIC\uCOS-II\PIC18\Practico_4\os_core.c
               OSUnMapTbl   0x003f36    program     extern C:\SOFTWARE_PIC\uCOS-II\PIC18\Practico_4\os_core.c
                _do_cinit   0x004036    program     extern E:\c18v3.46\pic18-lt\cxx-framework\src\traditional\startup\c018i.c
                     test   0x004050    program     static                          
                copy_loop   0x0040a8    program     static                          
            copy_one_byte   0x0040ae    program     static                          
             done_copying   0x0040bc    program     static                          
                     done   0x0040d2    program     static                          
       ___return_lbl00002   0x0040d2    program     static                          
                OpenUSART   0x0040d4    program     extern E:\c18v3.46\pic18-lt\cxx-framework\src\pmc_common\USART\uopen.c
                  FXM3232   0x00415e    program     extern E:\c18v3.46\pic18-lt\cxx-framework\src\traditional\math\fxm3232.c
       ___return_lbl00000   0x0041cc    program     static                          
                  OpenADC   0x0041ce    program     extern E:\c18v3.46\pic18-lt\cxx-framework\src\pmc_common\ADC\adcopen.c
                 FXD3232U   0x00423c    program     extern E:\c18v3.46\pic18-lt\cxx-framework\src\traditional\math\fxd3232u.c
                     loop   0x00424a    program     static                          
                   _false   0x00427e    program     static                          
       ___return_lbl00000   0x004282    program     static                          
               OpenTimer0   0x004284    program     extern E:\c18v3.46\pic18-lt\cxx-framework\src\pmc_common\Timers\t0open.c
               SetChanADC   0x0042bc    program     extern E:\c18v3.46\pic18-lt\cxx-framework\src\pmc_common\ADC\adcsetch.c
            __zero_memory   0x0042ea    program     extern E:\c18v3.46\pic18-lt\cxx-framework\src\traditional\proc\p18f4550.asm
                   loop_h   0x0042f8    program     static E:\c18v3.46\pic18-lt\cxx-framework\src\traditional\proc\p18f4550.asm
               zero_block   0x0042f8    program     static E:\c18v3.46\pic18-lt\cxx-framework\src\traditional\proc\p18f4550.asm
                compare_l   0x004300    program     static E:\c18v3.46\pic18-lt\cxx-framework\src\traditional\proc\p18f4550.asm
                   loop_l   0x004302    program     static E:\c18v3.46\pic18-lt\cxx-framework\src\traditional\proc\p18f4550.asm
              Timer0_Init   0x00430a    program     extern C:\SOFTWARE_PIC\uCOS-II\PIC18\Practico_4\adc\adc.c
                 ADC_Init   0x004318    program     extern C:\SOFTWARE_PIC\uCOS-II\PIC18\Practico_4\adc\adc.c
              ADC_Convert   0x00431c    program     extern C:\SOFTWARE_PIC\uCOS-II\PIC18\Practico_4\adc\adc.c
                 _startup   0x004328    program     extern E:\c18v3.46\pic18-lt\cxx-framework\src\traditional\startup\c018i.c
                     loop   0x004338    program     static                          
       ___return_lbl00001   0x004342    program     static                          
              Delay10TCYx   0x004344    program     extern E:\c18v3.46\pic18-lt\cxx-framework\src\traditional\delays\d10tcyx.asm
                     D10x   0x00434c    program     static E:\c18v3.46\pic18-lt\cxx-framework\src\traditional\delays\d10tcyx.asm
        _D10TCYXCODE_000A   0x00434e    program     static E:\c18v3.46\pic18-lt\cxx-framework\src\traditional\delays\d10tcyx.asm
        _D10TCYXCODE_000C   0x004350    program     static E:\c18v3.46\pic18-lt\cxx-framework\src\traditional\delays\d10tcyx.asm
        _D10TCYXCODE_000E   0x004352    program     static E:\c18v3.46\pic18-lt\cxx-framework\src\traditional\delays\d10tcyx.asm
                    D10_1   0x004354    program     static E:\c18v3.46\pic18-lt\cxx-framework\src\traditional\delays\d10tcyx.asm
         CPUInterruptHook   0x00435a    program     extern C:\SOFTWARE_PIC\uCOS-II\PIC18\Practico_4\VECTORS.C
                  ReadADC   0x00436e    program     extern E:\c18v3.46\pic18-lt\cxx-framework\src\pmc_common\ADC\adcread.c
               ConvertADC   0x004380    program     extern E:\c18v3.46\pic18-lt\cxx-framework\src\pmc_common\ADC\adcconv.c
                  __tmp_0   0x000000       data     static C:\SOFTWARE_PIC\uCOS-II\PIC18\Practico_4\OS_CPU_C.C
                  __tmp_0   0x000000       data     static C:\software_pic\ucos-ii\source\os_time.c
                  __tmp_0   0x000000       data     static C:\SOFTWARE_PIC\uCOS-II\PIC18\Practico_4\TEST.c
                  __tmp_0   0x000000       data     static E:\c18v3.46\pic18-lt\cxx-framework\src\pmc_common\ADC\adcopen.c
                  __tmp_0   0x000000       data     static E:\c18v3.46\pic18-lt\cxx-framework\src\pmc_common\USART\uopen.c
                  __tmp_0   0x000000       data     static E:\c18v3.46\pic18-lt\cxx-framework\src\pmc_common\ADC\adcread.c
                  __tmp_0   0x000000       data     static E:\c18v3.46\pic18-lt\cxx-framework\src\pmc_common\ADC\adcsetch.c
                 __AARGB7   0x000014       data     extern E:\c18v3.46\pic18-lt\cxx-framework\src\traditional\math\aarg.asm
                  __REMB3   0x000014       data     extern E:\c18v3.46\pic18-lt\cxx-framework\src\traditional\math\aarg.asm
                  __REMB2   0x000015       data     extern E:\c18v3.46\pic18-lt\cxx-framework\src\traditional\math\aarg.asm
                 __AARGB6   0x000015       data     extern E:\c18v3.46\pic18-lt\cxx-framework\src\traditional\math\aarg.asm
                  __REMB1   0x000016       data     extern E:\c18v3.46\pic18-lt\cxx-framework\src\traditional\math\aarg.asm
                 __AARGB5   0x000016       data     extern E:\c18v3.46\pic18-lt\cxx-framework\src\traditional\math\aarg.asm
                  __REMB0   0x000017       data     extern E:\c18v3.46\pic18-lt\cxx-framework\src\traditional\math\aarg.asm
                 __AARGB4   0x000017       data     extern E:\c18v3.46\pic18-lt\cxx-framework\src\traditional\math\aarg.asm
                 __AARGB3   0x000018       data     extern E:\c18v3.46\pic18-lt\cxx-framework\src\traditional\math\aarg.asm
                 __AARGB2   0x000019       data     extern E:\c18v3.46\pic18-lt\cxx-framework\src\traditional\math\aarg.asm
                 __AARGB1   0x00001a       data     extern E:\c18v3.46\pic18-lt\cxx-framework\src\traditional\math\aarg.asm
                 __AARGB0   0x00001b       data     extern E:\c18v3.46\pic18-lt\cxx-framework\src\traditional\math\aarg.asm
                   __AEXP   0x00001c       data     extern E:\c18v3.46\pic18-lt\cxx-framework\src\traditional\math\aarg.asm
                 __BARGB3   0x00001d       data     extern E:\c18v3.46\pic18-lt\cxx-framework\src\traditional\math\barg.asm
                 __BARGB2   0x00001e       data     extern E:\c18v3.46\pic18-lt\cxx-framework\src\traditional\math\barg.asm
                 __BARGB1   0x00001f       data     extern E:\c18v3.46\pic18-lt\cxx-framework\src\traditional\math\barg.asm
                 __BARGB0   0x000020       data     extern E:\c18v3.46\pic18-lt\cxx-framework\src\traditional\math\barg.asm
                   __BEXP   0x000021       data     extern E:\c18v3.46\pic18-lt\cxx-framework\src\traditional\math\barg.asm
                     SIGN   0x000022       data     extern E:\c18v3.46\pic18-lt\cxx-framework\src\traditional\math\cmath18.asm
                __FPFLAGS   0x000023       data     extern E:\c18v3.46\pic18-lt\cxx-framework\src\traditional\math\cmath18.asm
            __FPFLAGSbits   0x000023       data     extern E:\c18v3.46\pic18-lt\cxx-framework\src\traditional\math\cmath18.asm
         QueueADC0Message   0x000160       data     extern C:\SOFTWARE_PIC\uCOS-II\PIC18\Practico_4\TEST.c
                   STask1   0x00019c       data     extern C:\SOFTWARE_PIC\uCOS-II\PIC18\Practico_4\TEST.c
                   STask2   0x00019e       data     extern C:\SOFTWARE_PIC\uCOS-II\PIC18\Practico_4\TEST.c
                     SAdc   0x0001a0       data     extern C:\SOFTWARE_PIC\uCOS-II\PIC18\Practico_4\TEST.c
                QueueADC0   0x0001a2       data     extern C:\SOFTWARE_PIC\uCOS-II\PIC18\Practico_4\TEST.c
            Start_TaskStk   0x0001a4       data     extern C:\SOFTWARE_PIC\uCOS-II\PIC18\Practico_4\TEST.c
                 Task1Stk   0x00026c       data     extern C:\SOFTWARE_PIC\uCOS-II\PIC18\Practico_4\TEST.c
                 Task2Stk   0x000334       data     extern C:\SOFTWARE_PIC\uCOS-II\PIC18\Practico_4\TEST.c
                 Task3Stk   0x0003fc       data     extern C:\SOFTWARE_PIC\uCOS-II\PIC18\Practico_4\TEST.c
               OSCtxSwCtr   0x0004c4       data     extern C:\SOFTWARE_PIC\uCOS-II\PIC18\Practico_4\uCOS_II.H
          OSEventFreeList   0x0004c8       data     extern C:\SOFTWARE_PIC\uCOS-II\PIC18\Practico_4\uCOS_II.H
               OSEventTbl   0x0004ca       data     extern C:\SOFTWARE_PIC\uCOS-II\PIC18\Practico_4\uCOS_II.H
             OSIntNesting   0x00051a       data     extern C:\SOFTWARE_PIC\uCOS-II\PIC18\Practico_4\uCOS_II.H
               OSIntExitY   0x00051b       data     extern C:\SOFTWARE_PIC\uCOS-II\PIC18\Practico_4\uCOS_II.H
[...]
                     DDRD   0x000f95       data     extern E:\c18v3.46\pic18-lt\cxx-framework\src\traditional\proc\p18f4550.asm
                    TRISD   0x000f95       data     extern E:\c18v3.46\pic18-lt\cxx-framework\src\traditional\proc\p18f4550.asm
                TRISEbits   0x000f96       data     extern E:\c18v3.46\pic18-lt\cxx-framework\src\traditional\proc\p18f4550.asm
                 DDREbits   0x000f96       data     extern E:\c18v3.46\pic18-lt\cxx-framework\src\traditional\proc\p18f4550.asm
                     DDRE   0x000f96       data     extern E:\c18v3.46\pic18-lt\cxx-framework\src\traditional\proc\p18f4550.asm
                    TRISE   0x000f96       data     extern E:\c18v3.46\pic18-lt\cxx-framework\src\traditional\proc\p18f4550.asm
                  OSCTUNE   0x000f9b       data     extern E:\c18v3.46\pic18-lt\cxx-framework\src\traditional\proc\p18f4550.asm
              OSCTUNEbits   0x000f9b       data     extern E:\c18v3.46\pic18-lt\cxx-framework\src\traditional\proc\p18f4550.asm
                 PIE1bits   0x000f9d       data     extern E:\c18v3.46\pic18-lt\cxx-framework\src\traditional\proc\p18f4550.asm
                     PIE1   0x000f9d       data     extern E:\c18v3.46\pic18-lt\cxx-framework\src\traditional\proc\p18f4550.asm
                     PIR1   0x000f9e       data     extern E:\c18v3.46\pic18-lt\cxx-framework\src\traditional\proc\p18f4550.asm
                 PIR1bits   0x000f9e       data     extern E:\c18v3.46\pic18-lt\cxx-framework\src\traditional\proc\p18f4550.asm
                 IPR1bits   0x000f9f       data     extern E:\c18v3.46\pic18-lt\cxx-framework\src\traditional\proc\p18f4550.asm
                     IPR1   0x000f9f       data     extern E:\c18v3.46\pic18-lt\cxx-framework\src\traditional\proc\p18f4550.asm
                 PIE2bits   0x000fa0       data     extern E:\c18v3.46\pic18-lt\cxx-framework\src\traditional\proc\p18f4550.asm
                     PIE2   0x000fa0       data     extern E:\c18v3.46\pic18-lt\cxx-framework\src\traditional\proc\p18f4550.asm
                 PIR2bits   0x000fa1       data     extern E:\c18v3.46\pic18-lt\cxx-framework\src\traditional\proc\p18f4550.asm
                     PIR2   0x000fa1       data     extern E:\c18v3.46\pic18-lt\cxx-framework\src\traditional\proc\p18f4550.asm
                     IPR2   0x000fa2       data     extern E:\c18v3.46\pic18-lt\cxx-framework\src\traditional\proc\p18f4550.asm
                 IPR2bits   0x000fa2       data     extern E:\c18v3.46\pic18-lt\cxx-framework\src\traditional\proc\p18f4550.asm
                   EECON1   0x000fa6       data     extern E:\c18v3.46\pic18-lt\cxx-framework\src\traditional\proc\p18f4550.asm
               EECON1bits   0x000fa6       data     extern E:\c18v3.46\pic18-lt\cxx-framework\src\traditional\proc\p18f4550.asm
                   EECON2   0x000fa7       data     extern E:\c18v3.46\pic18-lt\cxx-framework\src\traditional\proc\p18f4550.asm
                   EEDATA   0x000fa8       data     extern E:\c18v3.46\pic18-lt\cxx-framework\src\traditional\proc\p18f4550.asm
                    EEADR   0x000fa9       data     extern E:\c18v3.46\pic18-lt\cxx-framework\src\traditional\proc\p18f4550.asm
                    RCSTA   0x000fab       data     extern E:\c18v3.46\pic18-lt\cxx-framework\src\traditional\proc\p18f4550.asm
                RCSTAbits   0x000fab       data     extern E:\c18v3.46\pic18-lt\cxx-framework\src\traditional\proc\p18f4550.asm
                TXSTAbits   0x000fac       data     extern E:\c18v3.46\pic18-lt\cxx-framework\src\traditional\proc\p18f4550.asm
                    TXSTA   0x000fac       data     extern E:\c18v3.46\pic18-lt\cxx-framework\src\traditional\proc\p18f4550.asm
                    TXREG   0x000fad       data     extern E:\c18v3.46\pic18-lt\cxx-framework\src\traditional\proc\p18f4550.asm
                    RCREG   0x000fae       data     extern E:\c18v3.46\pic18-lt\cxx-framework\src\traditional\proc\p18f4550.asm
                    SPBRG   0x000faf       data     extern E:\c18v3.46\pic18-lt\cxx-framework\src\traditional\proc\p18f4550.asm
                   SPBRGH   0x000fb0       data     extern E:\c18v3.46\pic18-lt\cxx-framework\src\traditional\proc\p18f4550.asm
                    T3CON   0x000fb1       data     extern E:\c18v3.46\pic18-lt\cxx-framework\src\traditional\proc\p18f4550.asm
                T3CONbits   0x000fb1       data     extern E:\c18v3.46\pic18-lt\cxx-framework\src\traditional\proc\p18f4550.asm
                    TMR3L   0x000fb2       data     extern E:\c18v3.46\pic18-lt\cxx-framework\src\traditional\proc\p18f4550.asm
                    TMR3H   0x000fb3       data     extern E:\c18v3.46\pic18-lt\cxx-framework\src\traditional\proc\p18f4550.asm
                    CMCON   0x000fb4       data     extern E:\c18v3.46\pic18-lt\cxx-framework\src\traditional\proc\p18f4550.asm
                CMCONbits   0x000fb4       data     extern E:\c18v3.46\pic18-lt\cxx-framework\src\traditional\proc\p18f4550.asm
                   CVRCON   0x000fb5       data     extern E:\c18v3.46\pic18-lt\cxx-framework\src\traditional\proc\p18f4550.asm
               CVRCONbits   0x000fb5       data     extern E:\c18v3.46\pic18-lt\cxx-framework\src\traditional\proc\p18f4550.asm
                   CCP1AS   0x000fb6       data     extern E:\c18v3.46\pic18-lt\cxx-framework\src\traditional\proc\p18f4550.asm
               CCP1ASbits   0x000fb6       data     extern E:\c18v3.46\pic18-lt\cxx-framework\src\traditional\proc\p18f4550.asm
              ECCP1ASbits   0x000fb6       data     extern E:\c18v3.46\pic18-lt\cxx-framework\src\traditional\proc\p18f4550.asm
                  ECCP1AS   0x000fb6       data     extern E:\c18v3.46\pic18-lt\cxx-framework\src\traditional\proc\p18f4550.asm
                  CCP1DEL   0x000fb7       data     extern E:\c18v3.46\pic18-lt\cxx-framework\src\traditional\proc\p18f4550.asm
              CCP1DELbits   0x000fb7       data     extern E:\c18v3.46\pic18-lt\cxx-framework\src\traditional\proc\p18f4550.asm
                 ECCP1DEL   0x000fb7       data     extern E:\c18v3.46\pic18-lt\cxx-framework\src\traditional\proc\p18f4550.asm
             ECCP1DELbits   0x000fb7       data     extern E:\c18v3.46\pic18-lt\cxx-framework\src\traditional\proc\p18f4550.asm
                  BAUDCON   0x000fb8       data     extern E:\c18v3.46\pic18-lt\cxx-framework\src\traditional\proc\p18f4550.asm
              BAUDCONbits   0x000fb8       data     extern E:\c18v3.46\pic18-lt\cxx-framework\src\traditional\proc\p18f4550.asm
                  BAUDCTL   0x000fb8       data     extern E:\c18v3.46\pic18-lt\cxx-framework\src\traditional\proc\p18f4550.asm
              BAUDCTLbits   0x000fb8       data     extern E:\c18v3.46\pic18-lt\cxx-framework\src\traditional\proc\p18f4550.asm
              CCP2CONbits   0x000fba       data     extern E:\c18v3.46\pic18-lt\cxx-framework\src\traditional\proc\p18f4550.asm
                  CCP2CON   0x000fba       data     extern E:\c18v3.46\pic18-lt\cxx-framework\src\traditional\proc\p18f4550.asm
                    CCPR2   0x000fbb       data     extern E:\c18v3.46\pic18-lt\cxx-framework\src\traditional\proc\p18f4550.asm
                   CCPR2L   0x000fbb       data     extern E:\c18v3.46\pic18-lt\cxx-framework\src\traditional\proc\p18f4550.asm
                   CCPR2H   0x000fbc       data     extern E:\c18v3.46\pic18-lt\cxx-framework\src\traditional\proc\p18f4550.asm
                  CCP1CON   0x000fbd       data     extern E:\c18v3.46\pic18-lt\cxx-framework\src\traditional\proc\p18f4550.asm
                 ECCP1CON   0x000fbd       data     extern E:\c18v3.46\pic18-lt\cxx-framework\src\traditional\proc\p18f4550.asm
             ECCP1CONbits   0x000fbd       data     extern E:\c18v3.46\pic18-lt\cxx-framework\src\traditional\proc\p18f4550.asm
              CCP1CONbits   0x000fbd       data     extern E:\c18v3.46\pic18-lt\cxx-framework\src\traditional\proc\p18f4550.asm
                   CCPR1L   0x000fbe       data     extern E:\c18v3.46\pic18-lt\cxx-framework\src\traditional\proc\p18f4550.asm
                    CCPR1   0x000fbe       data     extern E:\c18v3.46\pic18-lt\cxx-framework\src\traditional\proc\p18f4550.asm
                   CCPR1H   0x000fbf       data     extern E:\c18v3.46\pic18-lt\cxx-framework\src\traditional\proc\p18f4550.asm
                   ADCON2   0x000fc0       data     extern E:\c18v3.46\pic18-lt\cxx-framework\src\traditional\proc\p18f4550.asm
               ADCON2bits   0x000fc0       data     extern E:\c18v3.46\pic18-lt\cxx-framework\src\traditional\proc\p18f4550.asm
               ADCON1bits   0x000fc1       data     extern E:\c18v3.46\pic18-lt\cxx-framework\src\traditional\proc\p18f4550.asm
                   ADCON1   0x000fc1       data     extern E:\c18v3.46\pic18-lt\cxx-framework\src\traditional\proc\p18f4550.asm
               ADCON0bits   0x000fc2       data     extern E:\c18v3.46\pic18-lt\cxx-framework\src\traditional\proc\p18f4550.asm
                   ADCON0   0x000fc2       data     extern E:\c18v3.46\pic18-lt\cxx-framework\src\traditional\proc\p18f4550.asm
                   ADRESL   0x000fc3       data     extern E:\c18v3.46\pic18-lt\cxx-framework\src\traditional\proc\p18f4550.asm
                    ADRES   0x000fc3       data     extern E:\c18v3.46\pic18-lt\cxx-framework\src\traditional\proc\p18f4550.asm
                   ADRESH   0x000fc4       data     extern E:\c18v3.46\pic18-lt\cxx-framework\src\traditional\proc\p18f4550.asm
              SSPCON2bits   0x000fc5       data     extern E:\c18v3.46\pic18-lt\cxx-framework\src\traditional\proc\p18f4550.asm
                  SSPCON2   0x000fc5       data     extern E:\c18v3.46\pic18-lt\cxx-framework\src\traditional\proc\p18f4550.asm
              SSPCON1bits   0x000fc6       data     extern E:\c18v3.46\pic18-lt\cxx-framework\src\traditional\proc\p18f4550.asm
                  SSPCON1   0x000fc6       data     extern E:\c18v3.46\pic18-lt\cxx-framework\src\traditional\proc\p18f4550.asm
              SSPSTATbits   0x000fc7       data     extern E:\c18v3.46\pic18-lt\cxx-framework\src\traditional\proc\p18f4550.asm
                  SSPSTAT   0x000fc7       data     extern E:\c18v3.46\pic18-lt\cxx-framework\src\traditional\proc\p18f4550.asm
                   SSPADD   0x000fc8       data     extern E:\c18v3.46\pic18-lt\cxx-framework\src\traditional\proc\p18f4550.asm
                   SSPBUF   0x000fc9       data     extern E:\c18v3.46\pic18-lt\cxx-framework\src\traditional\proc\p18f4550.asm
                T2CONbits   0x000fca       data     extern E:\c18v3.46\pic18-lt\cxx-framework\src\traditional\proc\p18f4550.asm
                    T2CON   0x000fca       data     extern E:\c18v3.46\pic18-lt\cxx-framework\src\traditional\proc\p18f4550.asm
                      PR2   0x000fcb       data     extern E:\c18v3.46\pic18-lt\cxx-framework\src\traditional\proc\p18f4550.asm
                     TMR2   0x000fcc       data     extern E:\c18v3.46\pic18-lt\cxx-framework\src\traditional\proc\p18f4550.asm
                T1CONbits   0x000fcd       data     extern E:\c18v3.46\pic18-lt\cxx-framework\src\traditional\proc\p18f4550.asm
                    T1CON   0x000fcd       data     extern E:\c18v3.46\pic18-lt\cxx-framework\src\traditional\proc\p18f4550.asm
                    TMR1L   0x000fce       data     extern E:\c18v3.46\pic18-lt\cxx-framework\src\traditional\proc\p18f4550.asm
                    TMR1H   0x000fcf       data     extern E:\c18v3.46\pic18-lt\cxx-framework\src\traditional\proc\p18f4550.asm
                 RCONbits   0x000fd0       data     extern E:\c18v3.46\pic18-lt\cxx-framework\src\traditional\proc\p18f4550.asm
                     RCON   0x000fd0       data     extern E:\c18v3.46\pic18-lt\cxx-framework\src\traditional\proc\p18f4550.asm
               WDTCONbits   0x000fd1       data     extern E:\c18v3.46\pic18-lt\cxx-framework\src\traditional\proc\p18f4550.asm
                   WDTCON   0x000fd1       data     extern E:\c18v3.46\pic18-lt\cxx-framework\src\traditional\proc\p18f4550.asm
               LVDCONbits   0x000fd2       data     extern E:\c18v3.46\pic18-lt\cxx-framework\src\traditional\proc\p18f4550.asm
                   LVDCON   0x000fd2       data     extern E:\c18v3.46\pic18-lt\cxx-framework\src\traditional\proc\p18f4550.asm
                  HLVDCON   0x000fd2       data     extern E:\c18v3.46\pic18-lt\cxx-framework\src\traditional\proc\p18f4550.asm
              HLVDCONbits   0x000fd2       data     extern E:\c18v3.46\pic18-lt\cxx-framework\src\traditional\proc\p18f4550.asm
                   OSCCON   0x000fd3       data     extern E:\c18v3.46\pic18-lt\cxx-framework\src\traditional\proc\p18f4550.asm
               OSCCONbits   0x000fd3       data     extern E:\c18v3.46\pic18-lt\cxx-framework\src\traditional\proc\p18f4550.asm
                    T0CON   0x000fd5       data     extern E:\c18v3.46\pic18-lt\cxx-framework\src\traditional\proc\p18f4550.asm
                T0CONbits   0x000fd5       data     extern E:\c18v3.46\pic18-lt\cxx-framework\src\traditional\proc\p18f4550.asm
                    TMR0L   0x000fd6       data     extern E:\c18v3.46\pic18-lt\cxx-framework\src\traditional\proc\p18f4550.asm
                    TMR0H   0x000fd7       data     extern E:\c18v3.46\pic18-lt\cxx-framework\src\traditional\proc\p18f4550.asm
                   STATUS   0x000fd8       data     extern E:\c18v3.46\pic18-lt\cxx-framework\src\traditional\proc\p18f4550.asm
               STATUSbits   0x000fd8       data     extern E:\c18v3.46\pic18-lt\cxx-framework\src\traditional\proc\p18f4550.asm
                    FSR2L   0x000fd9       data     extern E:\c18v3.46\pic18-lt\cxx-framework\src\traditional\proc\p18f4550.asm
                     FSR2   0x000fd9       data     extern E:\c18v3.46\pic18-lt\cxx-framework\src\traditional\proc\p18f4550.asm
                    FSR2H   0x000fda       data     extern E:\c18v3.46\pic18-lt\cxx-framework\src\traditional\proc\p18f4550.asm
                   PLUSW2   0x000fdb       data     extern E:\c18v3.46\pic18-lt\cxx-framework\src\traditional\proc\p18f4550.asm
                  PREINC2   0x000fdc       data     extern E:\c18v3.46\pic18-lt\cxx-framework\src\traditional\proc\p18f4550.asm
                 POSTDEC2   0x000fdd       data     extern E:\c18v3.46\pic18-lt\cxx-framework\src\traditional\proc\p18f4550.asm
                 POSTINC2   0x000fde       data     extern E:\c18v3.46\pic18-lt\cxx-framework\src\traditional\proc\p18f4550.asm
                    INDF2   0x000fdf       data     extern E:\c18v3.46\pic18-lt\cxx-framework\src\traditional\proc\p18f4550.asm
                      BSR   0x000fe0       data     extern E:\c18v3.46\pic18-lt\cxx-framework\src\traditional\proc\p18f4550.asm
                    FSR1L   0x000fe1       data     extern E:\c18v3.46\pic18-lt\cxx-framework\src\traditional\proc\p18f4550.asm
                     FSR1   0x000fe1       data     extern E:\c18v3.46\pic18-lt\cxx-framework\src\traditional\proc\p18f4550.asm
                    FSR1H   0x000fe2       data     extern E:\c18v3.46\pic18-lt\cxx-framework\src\traditional\proc\p18f4550.asm
                   PLUSW1   0x000fe3       data     extern E:\c18v3.46\pic18-lt\cxx-framework\src\traditional\proc\p18f4550.asm
                  PREINC1   0x000fe4       data     extern E:\c18v3.46\pic18-lt\cxx-framework\src\traditional\proc\p18f4550.asm
                 POSTDEC1   0x000fe5       data     extern E:\c18v3.46\pic18-lt\cxx-framework\src\traditional\proc\p18f4550.asm
                 POSTINC1   0x000fe6       data     extern E:\c18v3.46\pic18-lt\cxx-framework\src\traditional\proc\p18f4550.asm
                    INDF1   0x000fe7       data     extern E:\c18v3.46\pic18-lt\cxx-framework\src\traditional\proc\p18f4550.asm
                     WREG   0x000fe8       data     extern E:\c18v3.46\pic18-lt\cxx-framework\src\traditional\proc\p18f4550.asm
                     FSR0   0x000fe9       data     extern E:\c18v3.46\pic18-lt\cxx-framework\src\traditional\proc\p18f4550.asm
                    FSR0L   0x000fe9       data     extern E:\c18v3.46\pic18-lt\cxx-framework\src\traditional\proc\p18f4550.asm
                    FSR0H   0x000fea       data     extern E:\c18v3.46\pic18-lt\cxx-framework\src\traditional\proc\p18f4550.asm
                   PLUSW0   0x000feb       data     extern E:\c18v3.46\pic18-lt\cxx-framework\src\traditional\proc\p18f4550.asm
                  PREINC0   0x000fec       data     extern E:\c18v3.46\pic18-lt\cxx-framework\src\traditional\proc\p18f4550.asm
                 POSTDEC0   0x000fed       data     extern E:\c18v3.46\pic18-lt\cxx-framework\src\traditional\proc\p18f4550.asm
                 POSTINC0   0x000fee       data     extern E:\c18v3.46\pic18-lt\cxx-framework\src\traditional\proc\p18f4550.asm
                    INDF0   0x000fef       data     extern E:\c18v3.46\pic18-lt\cxx-framework\src\traditional\proc\p18f4550.asm
                  INTCON3   0x000ff0       data     extern E:\c18v3.46\pic18-lt\cxx-framework\src\traditional\proc\p18f4550.asm
              INTCON3bits   0x000ff0       data     extern E:\c18v3.46\pic18-lt\cxx-framework\src\traditional\proc\p18f4550.asm
              INTCON2bits   0x000ff1       data     extern E:\c18v3.46\pic18-lt\cxx-framework\src\traditional\proc\p18f4550.asm
                  INTCON2   0x000ff1       data     extern E:\c18v3.46\pic18-lt\cxx-framework\src\traditional\proc\p18f4550.asm
               INTCONbits   0x000ff2       data     extern E:\c18v3.46\pic18-lt\cxx-framework\src\traditional\proc\p18f4550.asm
                   INTCON   0x000ff2       data     extern E:\c18v3.46\pic18-lt\cxx-framework\src\traditional\proc\p18f4550.asm
                     PROD   0x000ff3       data     extern E:\c18v3.46\pic18-lt\cxx-framework\src\traditional\proc\p18f4550.asm
                    PRODL   0x000ff3       data     extern E:\c18v3.46\pic18-lt\cxx-framework\src\traditional\proc\p18f4550.asm
                    PRODH   0x000ff4       data     extern E:\c18v3.46\pic18-lt\cxx-framework\src\traditional\proc\p18f4550.asm
                   TABLAT   0x000ff5       data     extern E:\c18v3.46\pic18-lt\cxx-framework\src\traditional\proc\p18f4550.asm
                   TBLPTR   0x000ff6       data     extern E:\c18v3.46\pic18-lt\cxx-framework\src\traditional\proc\p18f4550.asm
                  TBLPTRL   0x000ff6       data     extern E:\c18v3.46\pic18-lt\cxx-framework\src\traditional\proc\p18f4550.asm
                  TBLPTRH   0x000ff7       data     extern E:\c18v3.46\pic18-lt\cxx-framework\src\traditional\proc\p18f4550.asm
                  TBLPTRU   0x000ff8       data     extern E:\c18v3.46\pic18-lt\cxx-framework\src\traditional\proc\p18f4550.asm
                       PC   0x000ff9       data     extern E:\c18v3.46\pic18-lt\cxx-framework\src\traditional\proc\p18f4550.asm
                      PCL   0x000ff9       data     extern E:\c18v3.46\pic18-lt\cxx-framework\src\traditional\proc\p18f4550.asm
                   PCLATH   0x000ffa       data     extern E:\c18v3.46\pic18-lt\cxx-framework\src\traditional\proc\p18f4550.asm
                   PCLATU   0x000ffb       data     extern E:\c18v3.46\pic18-lt\cxx-framework\src\traditional\proc\p18f4550.asm
               STKPTRbits   0x000ffc       data     extern E:\c18v3.46\pic18-lt\cxx-framework\src\traditional\proc\p18f4550.asm
                   STKPTR   0x000ffc       data     extern E:\c18v3.46\pic18-lt\cxx-framework\src\traditional\proc\p18f4550.asm
                      TOS   0x000ffd       data     extern E:\c18v3.46\pic18-lt\cxx-framework\src\traditional\proc\p18f4550.asm
                     TOSL   0x000ffd       data     extern E:\c18v3.46\pic18-lt\cxx-framework\src\traditional\proc\p18f4550.asm
                     TOSH   0x000ffe       data     extern E:\c18v3.46\pic18-lt\cxx-framework\src\traditional\proc\p18f4550.asm
                     TOSU   0x000fff       data     extern E:\c18v3.46\pic18-lt\cxx-framework\src\traditional\proc\p18f4550.asm


